Component: ARM Compiler 5.06 update 7 (build 960) Tool: armlink [4d3601]

==============================================================================

Section Cross References

    startup_stm32g030xx.o(RESET) refers to startup_stm32g030xx.o(STACK) for __initial_sp
    startup_stm32g030xx.o(RESET) refers to startup_stm32g030xx.o(.text) for Reset_Handler
    startup_stm32g030xx.o(RESET) refers to stm32g0xx_it.o(i.NMI_Handler) for NMI_Handler
    startup_stm32g030xx.o(RESET) refers to stm32g0xx_it.o(i.HardFault_Handler) for HardFault_Handler
    startup_stm32g030xx.o(RESET) refers to stm32g0xx_it.o(i.SVC_Handler) for SVC_Handler
    startup_stm32g030xx.o(RESET) refers to stm32g0xx_it.o(i.PendSV_Handler) for PendSV_Handler
    startup_stm32g030xx.o(RESET) refers to stm32g0xx_it.o(i.SysTick_Handler) for SysTick_Handler
    startup_stm32g030xx.o(RESET) refers to stm32g0xx_it.o(i.EXTI4_15_IRQHandler) for EXTI4_15_IRQHandler
    startup_stm32g030xx.o(RESET) refers to stm32g0xx_it.o(i.DMA1_Channel1_IRQHandler) for DMA1_Channel1_IRQHandler
    startup_stm32g030xx.o(RESET) refers to stm32g0xx_it.o(i.DMA1_Channel2_3_IRQHandler) for DMA1_Channel2_3_IRQHandler
    startup_stm32g030xx.o(RESET) refers to stm32g0xx_it.o(i.ADC1_IRQHandler) for ADC1_IRQHandler
    startup_stm32g030xx.o(RESET) refers to stm32g0xx_it.o(i.USART1_IRQHandler) for USART1_IRQHandler
    startup_stm32g030xx.o(.text) refers to system_stm32g0xx.o(i.SystemInit) for SystemInit
    startup_stm32g030xx.o(.text) refers to entry.o(.ARM.Collect$$$$00000000) for __main
    dht11.o(i.DHT11_Check) refers to memseta.o(.text) for __aeabi_memclr4
    dht11.o(i.DHT11_Check) refers to stm32g0xx_hal_gpio.o(i.HAL_GPIO_Init) for HAL_GPIO_Init
    dht11.o(i.DHT11_Check) refers to main.o(i.delay_us) for delay_us
    dht11.o(i.DHT11_Check) refers to stm32g0xx_hal_gpio.o(i.HAL_GPIO_ReadPin) for HAL_GPIO_ReadPin
    dht11.o(i.DHT11_Read_Bit) refers to main.o(i.delay_us) for delay_us
    dht11.o(i.DHT11_Read_Bit) refers to stm32g0xx_hal_gpio.o(i.HAL_GPIO_ReadPin) for HAL_GPIO_ReadPin
    dht11.o(i.DHT11_Read_Byte) refers to dht11.o(i.DHT11_Read_Bit) for DHT11_Read_Bit
    dht11.o(i.DHT11_Read_Data) refers to dht11.o(i.DHT11_Rst) for DHT11_Rst
    dht11.o(i.DHT11_Read_Data) refers to dht11.o(i.DHT11_Check) for DHT11_Check
    dht11.o(i.DHT11_Read_Data) refers to dht11.o(i.DHT11_Read_Byte) for DHT11_Read_Byte
    dht11.o(i.DHT11_Rst) refers to memseta.o(.text) for __aeabi_memclr4
    dht11.o(i.DHT11_Rst) refers to stm32g0xx_hal_gpio.o(i.HAL_GPIO_Init) for HAL_GPIO_Init
    dht11.o(i.DHT11_Rst) refers to stm32g0xx_hal_gpio.o(i.HAL_GPIO_WritePin) for HAL_GPIO_WritePin
    dht11.o(i.DHT11_Rst) refers to stm32g0xx_hal.o(i.HAL_Delay) for HAL_Delay
    dht11.o(i.DHT11_Rst) refers to main.o(i.delay_us) for delay_us
    dht11.o(i.FS_DHT11_Init) refers to memseta.o(.text) for __aeabi_memclr4
    dht11.o(i.FS_DHT11_Init) refers to stm32g0xx_hal_gpio.o(i.HAL_GPIO_Init) for HAL_GPIO_Init
    dht11.o(i.FS_DHT11_Init) refers to stm32g0xx_hal_gpio.o(i.HAL_GPIO_WritePin) for HAL_GPIO_WritePin
    dht11.o(i.FS_DHT11_Init) refers to dht11.o(i.DHT11_Rst) for DHT11_Rst
    dht11.o(i.FS_DHT11_Init) refers to dht11.o(i.DHT11_Check) for DHT11_Check
    lcd.o(i.Gui_DrawFont_1616) refers to lcd.o(i.Lcd_SetRegion) for Lcd_SetRegion
    lcd.o(i.Gui_DrawFont_1616) refers to lcd.o(i.LCD_WriteData_16Bit) for LCD_WriteData_16Bit
    lcd.o(i.Gui_DrawFont_GBK16) refers to lcd.o(i.Gui_DrawPoint) for Gui_DrawPoint
    lcd.o(i.Gui_DrawFont_GBK16) refers to strlen.o(.text) for strlen
    lcd.o(i.Gui_DrawFont_GBK16) refers to lcd.o(.constdata) for .constdata
    lcd.o(i.Gui_DrawPoint) refers to lcd.o(i.Lcd_SetRegion) for Lcd_SetRegion
    lcd.o(i.Gui_DrawPoint) refers to lcd.o(i.LCD_WriteData_16Bit) for LCD_WriteData_16Bit
    lcd.o(i.LCD_WriteData_16Bit) refers to lcd.o(i.SPI_WriteData) for SPI_WriteData
    lcd.o(i.Lcd_Clear) refers to lcd.o(i.Lcd_SetRegion) for Lcd_SetRegion
    lcd.o(i.Lcd_Clear) refers to lcd.o(i.Lcd_WriteIndex) for Lcd_WriteIndex
    lcd.o(i.Lcd_Clear) refers to lcd.o(i.LCD_WriteData_16Bit) for LCD_WriteData_16Bit
    lcd.o(i.Lcd_Init) refers to stm32g0xx_hal.o(i.HAL_Delay) for HAL_Delay
    lcd.o(i.Lcd_Init) refers to stm32g0xx_hal_gpio.o(i.HAL_GPIO_WritePin) for HAL_GPIO_WritePin
    lcd.o(i.Lcd_Init) refers to lcd.o(i.Lcd_WriteIndex) for Lcd_WriteIndex
    lcd.o(i.Lcd_Init) refers to lcd.o(i.Lcd_WriteData) for Lcd_WriteData
    lcd.o(i.Lcd_SetRegion) refers to lcd.o(i.Lcd_WriteIndex) for Lcd_WriteIndex
    lcd.o(i.Lcd_SetRegion) refers to lcd.o(i.Lcd_WriteData) for Lcd_WriteData
    lcd.o(i.Lcd_SetXY) refers to lcd.o(i.Lcd_SetRegion) for Lcd_SetRegion
    lcd.o(i.Lcd_WriteData) refers to lcd.o(i.SPI_WriteData) for SPI_WriteData
    lcd.o(i.Lcd_WriteIndex) refers to lcd.o(i.SPI_WriteData) for SPI_WriteData
    lcd.o(i.Lcd_WriteReg) refers to lcd.o(i.Lcd_WriteIndex) for Lcd_WriteIndex
    lcd.o(i.Lcd_WriteReg) refers to lcd.o(i.Lcd_WriteData) for Lcd_WriteData
[...]
    ../clib/microlib/division.c              0x00000000   Number         0  uidiv.o ABSOLUTE
    ../clib/microlib/division.c              0x00000000   Number         0  uldiv.o ABSOLUTE
    ../clib/microlib/init/entry.s            0x00000000   Number         0  entry10b.o ABSOLUTE
    ../clib/microlib/init/entry.s            0x00000000   Number         0  entry11a.o ABSOLUTE
    ../clib/microlib/init/entry.s            0x00000000   Number         0  entry9a.o ABSOLUTE
    ../clib/microlib/init/entry.s            0x00000000   Number         0  entry9b.o ABSOLUTE
    ../clib/microlib/init/entry.s            0x00000000   Number         0  entry10a.o ABSOLUTE
    ../clib/microlib/init/entry.s            0x00000000   Number         0  entry11b.o ABSOLUTE
    ../clib/microlib/init/entry.s            0x00000000   Number         0  entry.o ABSOLUTE
    ../clib/microlib/init/entry.s            0x00000000   Number         0  entry8a.o ABSOLUTE
    ../clib/microlib/init/entry.s            0x00000000   Number         0  entry7b.o ABSOLUTE
    ../clib/microlib/init/entry.s            0x00000000   Number         0  entry7a.o ABSOLUTE
    ../clib/microlib/init/entry.s            0x00000000   Number         0  entry5.o ABSOLUTE
    ../clib/microlib/init/entry.s            0x00000000   Number         0  entry2.o ABSOLUTE
    ../clib/microlib/init/entry.s            0x00000000   Number         0  entry12a.o ABSOLUTE
    ../clib/microlib/init/entry.s            0x00000000   Number         0  entry12b.o ABSOLUTE
    ../clib/microlib/init/entry.s            0x00000000   Number         0  entry8b.o ABSOLUTE
    ../clib/microlib/longlong.c              0x00000000   Number         0  llshl.o ABSOLUTE
    ../clib/microlib/longlong.c              0x00000000   Number         0  llushr.o ABSOLUTE
    ../clib/microlib/longlong.c              0x00000000   Number         0  llsshr.o ABSOLUTE
    ../clib/microlib/printf/printf.c         0x00000000   Number         0  printf0.o ABSOLUTE
    ../clib/microlib/printf/printf.c         0x00000000   Number         0  printf1.o ABSOLUTE
    ../clib/microlib/printf/printf.c         0x00000000   Number         0  printf3.o ABSOLUTE
    ../clib/microlib/printf/printf.c         0x00000000   Number         0  printf4.o ABSOLUTE
    ../clib/microlib/printf/printf.c         0x00000000   Number         0  printf2.o ABSOLUTE
    ../clib/microlib/printf/printf.c         0x00000000   Number         0  printf5.o ABSOLUTE
    ../clib/microlib/printf/printf.c         0x00000000   Number         0  printf6.o ABSOLUTE
    ../clib/microlib/printf/printf.c         0x00000000   Number         0  printf7.o ABSOLUTE
    ../clib/microlib/printf/printf.c         0x00000000   Number         0  printf8.o ABSOLUTE
    ../clib/microlib/printf/printf.c         0x00000000   Number         0  printfa.o ABSOLUTE
    ../clib/microlib/printf/printf.c         0x00000000   Number         0  printfb.o ABSOLUTE
    ../clib/microlib/printf/stubs.s          0x00000000   Number         0  stubs.o ABSOLUTE
    ../clib/microlib/stdio/streams.c         0x00000000   Number         0  stdout.o ABSOLUTE
    ../clib/microlib/string/memset.c         0x00000000   Number         0  memseta.o ABSOLUTE
    ../clib/microlib/string/strlen.c         0x00000000   Number         0  strlen.o ABSOLUTE
    ../clib/microlib/stubs.s                 0x00000000   Number         0  iusefp.o ABSOLUTE
    ../clib/scanf.c                          0x00000000   Number         0  _scanf.o ABSOLUTE
    ../clib/scanf.c                          0x00000000   Number         0  _chval.o ABSOLUTE
    ../clib/scanf.c                          0x00000000   Number         0  _scanf_int.o ABSOLUTE
    ../clib/scanf.c                          0x00000000   Number         0  __0sscanf.o ABSOLUTE
    ../clib/scanf.c                          0x00000000   Number         0  _sgetc.o ABSOLUTE
    ../clib/scanf.c                          0x00000000   Number         0  scanf_char.o ABSOLUTE
    ../fplib/microlib/d2f.c                  0x00000000   Number         0  d2f.o ABSOLUTE
    ../fplib/microlib/f2d.c                  0x00000000   Number         0  f2d.o ABSOLUTE
    ../fplib/microlib/fpadd.c                0x00000000   Number         0  dadd.o ABSOLUTE
    ../fplib/microlib/fpdiv.c                0x00000000   Number         0  ddiv.o ABSOLUTE
    ../fplib/microlib/fpepilogue.c           0x00000000   Number         0  fepilogue.o ABSOLUTE
    ../fplib/microlib/fpepilogue.c           0x00000000   Number         0  depilogue.o ABSOLUTE
    ../fplib/microlib/fpfix.c                0x00000000   Number         0  dfixul.o ABSOLUTE
    ../fplib/microlib/fpflt.c                0x00000000   Number         0  ffltui.o ABSOLUTE
    ../fplib/microlib/fpflt.c                0x00000000   Number         0  dfltui.o ABSOLUTE
    ../fplib/microlib/fpmul.c                0x00000000   Number         0  dmul.o ABSOLUTE
    ..\Core\Src\adc.c                        0x00000000   Number         0  adc.o ABSOLUTE
    ..\Core\Src\dht11.c                      0x00000000   Number         0  dht11.o ABSOLUTE
    ..\Core\Src\dma.c                        0x00000000   Number         0  dma.o ABSOLUTE
    ..\Core\Src\gpio.c                       0x00000000   Number         0  gpio.o ABSOLUTE
    ..\Core\Src\lcd.c                        0x00000000   Number         0  lcd.o ABSOLUTE
    ..\Core\Src\main.c                       0x00000000   Number         0  main.o ABSOLUTE
    ..\Core\Src\stm32g0xx_hal_msp.c          0x00000000   Number         0  stm32g0xx_hal_msp.o ABSOLUTE
    ..\Core\Src\stm32g0xx_it.c               0x00000000   Number         0  stm32g0xx_it.o ABSOLUTE
    ..\Core\Src\system_stm32g0xx.c           0x00000000   Number         0  system_stm32g0xx.o ABSOLUTE
    ..\Core\Src\usart.c                      0x00000000   Number         0  usart.o ABSOLUTE
    ..\Drivers\STM32G0xx_HAL_Driver\Src\stm32g0xx_hal.c 0x00000000   Number         0  stm32g0xx_hal.o ABSOLUTE
    ..\Drivers\STM32G0xx_HAL_Driver\Src\stm32g0xx_hal_adc.c 0x00000000   Number         0  stm32g0xx_hal_adc.o ABSOLUTE
    ..\Drivers\STM32G0xx_HAL_Driver\Src\stm32g0xx_hal_adc_ex.c 0x00000000   Number         0  stm32g0xx_hal_adc_ex.o ABSOLUTE
    ..\Drivers\STM32G0xx_HAL_Driver\Src\stm32g0xx_hal_cortex.c 0x00000000   Number         0  stm32g0xx_hal_cortex.o ABSOLUTE
    ..\Drivers\STM32G0xx_HAL_Driver\Src\stm32g0xx_hal_dma.c 0x00000000   Number         0  stm32g0xx_hal_dma.o ABSOLUTE
    ..\Drivers\STM32G0xx_HAL_Driver\Src\stm32g0xx_hal_dma_ex.c 0x00000000   Number         0  stm32g0xx_hal_dma_ex.o ABSOLUTE
    ..\Drivers\STM32G0xx_HAL_Driver\Src\stm32g0xx_hal_exti.c 0x00000000   Number         0  stm32g0xx_hal_exti.o ABSOLUTE
    ..\Drivers\STM32G0xx_HAL_Driver\Src\stm32g0xx_hal_flash.c 0x00000000   Number         0  stm32g0xx_hal_flash.o ABSOLUTE
    ..\Drivers\STM32G0xx_HAL_Driver\Src\stm32g0xx_hal_flash_ex.c 0x00000000   Number         0  stm32g0xx_hal_flash_ex.o ABSOLUTE
    ..\Drivers\STM32G0xx_HAL_Driver\Src\stm32g0xx_hal_gpio.c 0x00000000   Number         0  stm32g0xx_hal_gpio.o ABSOLUTE
    ..\Drivers\STM32G0xx_HAL_Driver\Src\stm32g0xx_hal_pwr.c 0x00000000   Number         0  stm32g0xx_hal_pwr.o ABSOLUTE
    ..\Drivers\STM32G0xx_HAL_Driver\Src\stm32g0xx_hal_pwr_ex.c 0x00000000   Number         0  stm32g0xx_hal_pwr_ex.o ABSOLUTE
    ..\Drivers\STM32G0xx_HAL_Driver\Src\stm32g0xx_hal_rcc.c 0x00000000   Number         0  stm32g0xx_hal_rcc.o ABSOLUTE
    ..\Drivers\STM32G0xx_HAL_Driver\Src\stm32g0xx_hal_rcc_ex.c 0x00000000   Number         0  stm32g0xx_hal_rcc_ex.o ABSOLUTE
    ..\Drivers\STM32G0xx_HAL_Driver\Src\stm32g0xx_hal_tim.c 0x00000000   Number         0  stm32g0xx_hal_tim.o ABSOLUTE
    ..\Drivers\STM32G0xx_HAL_Driver\Src\stm32g0xx_hal_tim_ex.c 0x00000000   Number         0  stm32g0xx_hal_tim_ex.o ABSOLUTE
    ..\Drivers\STM32G0xx_HAL_Driver\Src\stm32g0xx_hal_uart.c 0x00000000   Number         0  stm32g0xx_hal_uart.o ABSOLUTE
    ..\Drivers\STM32G0xx_HAL_Driver\Src\stm32g0xx_hal_uart_ex.c 0x00000000   Number         0  stm32g0xx_hal_uart_ex.o ABSOLUTE
    ..\\Core\\Src\\dht11.c                   0x00000000   Number         0  dht11.o ABSOLUTE
    ..\\Core\\Src\\lcd.c                     0x00000000   Number         0  lcd.o ABSOLUTE
    cdrcmple.s                               0x00000000   Number         0  cdrcmple.o ABSOLUTE
    cfcmple.s                                0x00000000   Number         0  cfcmple.o ABSOLUTE
    cfrcmple.s                               0x00000000   Number         0  cfrcmple.o ABSOLUTE
    dc.s                                     0x00000000   Number         0  dc.o ABSOLUTE
    handlers.s                               0x00000000   Number         0  handlers.o ABSOLUTE
    init.s                                   0x00000000   Number         0  init.o ABSOLUTE
    startup_stm32g030xx.s                    0x00000000   Number         0  startup_stm32g030xx.o ABSOLUTE
    RESET                                    0x08000000   Section      192  startup_stm32g030xx.o(RESET)
    .ARM.Collect$$$$00000000                 0x080000c0   Section        0  entry.o(.ARM.Collect$$$$00000000)
    .ARM.Collect$$$$00000001                 0x080000c0   Section        4  entry2.o(.ARM.Collect$$$$00000001)
    .ARM.Collect$$$$00000004                 0x080000c4   Section        4  entry5.o(.ARM.Collect$$$$00000004)
    .ARM.Collect$$$$00000008                 0x080000c8   Section        0  entry7b.o(.ARM.Collect$$$$00000008)
    .ARM.Collect$$$$0000000A                 0x080000c8   Section        0  entry8b.o(.ARM.Collect$$$$0000000A)
    .ARM.Collect$$$$0000000B                 0x080000c8   Section        8  entry9a.o(.ARM.Collect$$$$0000000B)
    .ARM.Collect$$$$0000000E                 0x080000d0   Section        4  entry12b.o(.ARM.Collect$$$$0000000E)
    .ARM.Collect$$$$0000000F                 0x080000d4   Section        0  entry10a.o(.ARM.Collect$$$$0000000F)
    .ARM.Collect$$$$00000011                 0x080000d4   Section        0  entry11a.o(.ARM.Collect$$$$00000011)
    .ARM.Collect$$$$00002712                 0x080000d4   Section        4  entry2.o(.ARM.Collect$$$$00002712)
    __lit__00000000                          0x080000d4   Data           4  entry2.o(.ARM.Collect$$$$00002712)
    .text                                    0x080000d8   Section       28  startup_stm32g030xx.o(.text)
    .text                                    0x080000f4   Section        0  uidiv.o(.text)
    .text                                    0x08000120   Section        0  memseta.o(.text)
    .text                                    0x08000144   Section        0  strlen.o(.text)
    .text                                    0x08000154   Section        0  __0sscanf.o(.text)
    .text                                    0x08000190   Section        0  _scanf_int.o(.text)
    .text                                    0x080002dc   Section        0  dadd.o(.text)
    .text                                    0x08000444   Section        0  dmul.o(.text)
    .text                                    0x08000514   Section        0  ffltui.o(.text)
    .text                                    0x08000524   Section        0  dfltui.o(.text)
    .text                                    0x08000540   Section        0  f2d.o(.text)
    .text                                    0x08000568   Section        0  d2f.o(.text)
    .text                                    0x080005a0   Section       20  cfcmple.o(.text)
    .text                                    0x080005b4   Section       20  cfrcmple.o(.text)
    .text                                    0x080005c8   Section        0  uldiv.o(.text)
    .text                                    0x08000628   Section        0  llshl.o(.text)
    .text                                    0x08000648   Section        0  llsshr.o(.text)
    .text                                    0x0800066e   Section        0  _chval.o(.text)
    .text                                    0x0800068c   Section        0  scanf_char.o(.text)
    _scanf_char_input                        0x0800068d   Thumb Code    12  scanf_char.o(.text)
    .text                                    0x080006b8   Section        0  _sgetc.o(.text)
    .text                                    0x080006fc   Section        0  iusefp.o(.text)
    .text                                    0x080006fc   Section        0  fepilogue.o(.text)
    .text                                    0x0800077e   Section        0  depilogue.o(.text)
    .text                                    0x0800083c   Section        0  ddiv.o(.text)
    .text                                    0x0800092c   Section        0  dfixul.o(.text)
    .text                                    0x0800096c   Section       40  cdrcmple.o(.text)
    .text                                    0x08000994   Section       36  init.o(.text)
    .text                                    0x080009b8   Section        0  llushr.o(.text)
    .text                                    0x080009da   Section        0  isspace_c.o(.text)
    .text                                    0x080009e8   Section        0  _scanf.o(.text)
    .text                                    0x08000d24   Section        0  ctype_c.o(.text)
    i.ADC1_IRQHandler                        0x08000d48   Section        0  stm32g0xx_it.o(i.ADC1_IRQHandler)
    i.ADC_ConversionStop                     0x08000d58   Section        0  stm32g0xx_hal_adc.o(i.ADC_ConversionStop)
    i.ADC_DMAConvCplt                        0x08000db8   Section        0  stm32g0xx_hal_adc.o(i.ADC_DMAConvCplt)
    ADC_DMAConvCplt                          0x08000db9   Thumb Code   128  stm32g0xx_hal_adc.o(i.ADC_DMAConvCplt)
    i.ADC_DMAError                           0x08000e38   Section        0  stm32g0xx_hal_adc.o(i.ADC_DMAError)
    ADC_DMAError                             0x08000e39   Thumb Code    26  stm32g0xx_hal_adc.o(i.ADC_DMAError)
    i.ADC_DMAHalfConvCplt                    0x08000e52   Section        0  stm32g0xx_hal_adc.o(i.ADC_DMAHalfConvCplt)
    ADC_DMAHalfConvCplt                      0x08000e53   Thumb Code    10  stm32g0xx_hal_adc.o(i.ADC_DMAHalfConvCplt)
    i.ADC_Disable                            0x08000e5c   Section        0  stm32g0xx_hal_adc.o(i.ADC_Disable)
    i.ADC_Enable                             0x08000ed0   Section        0  stm32g0xx_hal_adc.o(i.ADC_Enable)
    i.DHT11_Check                            0x08000f84   Section        0  dht11.o(i.DHT11_Check)
    i.DHT11_Read_Bit                         0x08001000   Section        0  dht11.o(i.DHT11_Read_Bit)
    i.DHT11_Read_Byte                        0x08001060   Section        0  dht11.o(i.DHT11_Read_Byte)
    i.DHT11_Read_Data                        0x0800107a   Section        0  dht11.o(i.DHT11_Read_Data)
    i.DHT11_Rst                              0x080010d0   Section        0  dht11.o(i.DHT11_Rst)
    i.DMA1_Channel1_IRQHandler               0x08001120   Section        0  stm32g0xx_it.o(i.DMA1_Channel1_IRQHandler)
    i.DMA1_Channel2_3_IRQHandler             0x08001130   Section        0  stm32g0xx_it.o(i.DMA1_Channel2_3_IRQHandler)
    i.DMA_CalcDMAMUXChannelBaseAndMask       0x08001140   Section        0  stm32g0xx_hal_dma.o(i.DMA_CalcDMAMUXChannelBaseAndMask)
    DMA_CalcDMAMUXChannelBaseAndMask         0x08001141   Thumb Code    44  stm32g0xx_hal_dma.o(i.DMA_CalcDMAMUXChannelBaseAndMask)
    i.DMA_CalcDMAMUXRequestGenBaseAndMask    0x08001170   Section        0  stm32g0xx_hal_dma.o(i.DMA_CalcDMAMUXRequestGenBaseAndMask)
    DMA_CalcDMAMUXRequestGenBaseAndMask      0x08001171   Thumb Code    34  stm32g0xx_hal_dma.o(i.DMA_CalcDMAMUXRequestGenBaseAndMask)
    i.DMA_SetConfig                          0x08001198   Section        0  stm32g0xx_hal_dma.o(i.DMA_SetConfig)
    DMA_SetConfig                            0x08001199   Thumb Code    66  stm32g0xx_hal_dma.o(i.DMA_SetConfig)
    i.EXTI4_15_IRQHandler                    0x080011e0   Section        0  stm32g0xx_it.o(i.EXTI4_15_IRQHandler)
    i.Error_Handler                          0x080011ec   Section        0  main.o(i.Error_Handler)
    i.FS_DHT11_Init                          0x080011f0   Section        0  dht11.o(i.FS_DHT11_Init)
    i.Get_AdcData                            0x08001230   Section        0  main.o(i.Get_AdcData)
    i.Gui_DrawFont_1616                      0x08001248   Section        0  lcd.o(i.Gui_DrawFont_1616)
    i.Gui_DrawFont_GBK16                     0x080012a4   Section        0  lcd.o(i.Gui_DrawFont_GBK16)
    i.Gui_DrawPoint                          0x0800132c   Section        0  lcd.o(i.Gui_DrawPoint)
    i.HAL_ADCEx_ChannelConfigReadyCallback   0x08001344   Section        0  stm32g0xx_hal_adc_ex.o(i.HAL_ADCEx_ChannelConfigReadyCallback)
    i.HAL_ADCEx_EndOfSamplingCallback        0x08001346   Section        0  stm32g0xx_hal_adc_ex.o(i.HAL_ADCEx_EndOfSamplingCallback)
    i.HAL_ADCEx_LevelOutOfWindow2Callback    0x08001348   Section        0  stm32g0xx_hal_adc_ex.o(i.HAL_ADCEx_LevelOutOfWindow2Callback)
    i.HAL_ADCEx_LevelOutOfWindow3Callback    0x0800134a   Section        0  stm32g0xx_hal_adc_ex.o(i.HAL_ADCEx_LevelOutOfWindow3Callback)
    i.HAL_ADC_ConfigChannel                  0x0800134c   Section        0  stm32g0xx_hal_adc.o(i.HAL_ADC_ConfigChannel)
    i.HAL_ADC_ConvCpltCallback               0x08001570   Section        0  main.o(i.HAL_ADC_ConvCpltCallback)
    i.HAL_ADC_ConvHalfCpltCallback           0x08001580   Section        0  stm32g0xx_hal_adc.o(i.HAL_ADC_ConvHalfCpltCallback)
    i.HAL_ADC_ErrorCallback                  0x08001582   Section        0  stm32g0xx_hal_adc.o(i.HAL_ADC_ErrorCallback)
    i.HAL_ADC_IRQHandler                     0x08001584   Section        0  stm32g0xx_hal_adc.o(i.HAL_ADC_IRQHandler)
    i.HAL_ADC_Init                           0x080016d4   Section        0  stm32g0xx_hal_adc.o(i.HAL_ADC_Init)
    i.HAL_ADC_LevelOutOfWindowCallback       0x080018f4   Section        0  stm32g0xx_hal_adc.o(i.HAL_ADC_LevelOutOfWindowCallback)
    i.HAL_ADC_MspInit                        0x080018f8   Section        0  adc.o(i.HAL_ADC_MspInit)
    i.HAL_ADC_Start_DMA                      0x0800199c   Section        0  stm32g0xx_hal_adc.o(i.HAL_ADC_Start_DMA)
    i.HAL_ADC_Stop_DMA                       0x08001a50   Section        0  stm32g0xx_hal_adc.o(i.HAL_ADC_Stop_DMA)
    i.HAL_DMA_Abort                          0x08001ac8   Section        0  stm32g0xx_hal_dma.o(i.HAL_DMA_Abort)
    i.HAL_DMA_Abort_IT                       0x08001b3c   Section        0  stm32g0xx_hal_dma.o(i.HAL_DMA_Abort_IT)
    i.HAL_DMA_GetError                       0x08001bb8   Section        0  stm32g0xx_hal_dma.o(i.HAL_DMA_GetError)
    i.HAL_DMA_IRQHandler                     0x08001bbc   Section        0  stm32g0xx_hal_dma.o(i.HAL_DMA_IRQHandler)
    i.HAL_DMA_Init                           0x08001c74   Section        0  stm32g0xx_hal_dma.o(i.HAL_DMA_Init)
    i.HAL_DMA_Start_IT                       0x08001d18   Section        0  stm32g0xx_hal_dma.o(i.HAL_DMA_Start_IT)
    i.HAL_Delay                              0x08001da4   Section        0  stm32g0xx_hal.o(i.HAL_Delay)
    i.HAL_GPIO_EXTI_Falling_Callback         0x08001dc8   Section        0  stm32g0xx_hal_gpio.o(i.HAL_GPIO_EXTI_Falling_Callback)
    i.HAL_GPIO_EXTI_IRQHandler               0x08001dcc   Section        0  stm32g0xx_hal_gpio.o(i.HAL_GPIO_EXTI_IRQHandler)
    i.HAL_GPIO_EXTI_Rising_Callback          0x08001df4   Section        0  main.o(i.HAL_GPIO_EXTI_Rising_Callback)
    i.HAL_GPIO_Init                          0x08001efc   Section        0  stm32g0xx_hal_gpio.o(i.HAL_GPIO_Init)
    i.HAL_GPIO_ReadPin                       0x08002058   Section        0  stm32g0xx_hal_gpio.o(i.HAL_GPIO_ReadPin)
    i.HAL_GPIO_WritePin                      0x08002062   Section        0  stm32g0xx_hal_gpio.o(i.HAL_GPIO_WritePin)
    i.HAL_GetTick                            0x08002070   Section        0  stm32g0xx_hal.o(i.HAL_GetTick)
    i.HAL_IncTick                            0x0800207c   Section        0  stm32g0xx_hal.o(i.HAL_IncTick)
    i.HAL_Init                               0x0800208c   Section        0  stm32g0xx_hal.o(i.HAL_Init)
    i.HAL_InitTick                           0x080020b4   Section        0  stm32g0xx_hal.o(i.HAL_InitTick)
    i.HAL_MspInit                            0x080020fc   Section        0  stm32g0xx_hal_msp.o(i.HAL_MspInit)
    i.HAL_NVIC_EnableIRQ                     0x08002128   Section        0  stm32g0xx_hal_cortex.o(i.HAL_NVIC_EnableIRQ)
    i.HAL_NVIC_SetPriority                   0x08002140   Section        0  stm32g0xx_hal_cortex.o(i.HAL_NVIC_SetPriority)
    i.HAL_PWREx_ControlVoltageScaling        0x08002148   Section        0  stm32g0xx_hal_pwr_ex.o(i.HAL_PWREx_ControlVoltageScaling)
    i.HAL_RCCEx_PeriphCLKConfig              0x08002194   Section        0  stm32g0xx_hal_rcc_ex.o(i.HAL_RCCEx_PeriphCLKConfig)
    i.HAL_RCC_ClockConfig                    0x080022e0   Section        0  stm32g0xx_hal_rcc.o(i.HAL_RCC_ClockConfig)
    i.HAL_RCC_GetPCLK1Freq                   0x08002438   Section        0  stm32g0xx_hal_rcc.o(i.HAL_RCC_GetPCLK1Freq)
    i.HAL_RCC_GetSysClockFreq                0x08002460   Section        0  stm32g0xx_hal_rcc.o(i.HAL_RCC_GetSysClockFreq)
    i.HAL_RCC_OscConfig                      0x080024ec   Section        0  stm32g0xx_hal_rcc.o(i.HAL_RCC_OscConfig)
    i.HAL_SYSTICK_Config                     0x080028c4   Section        0  stm32g0xx_hal_cortex.o(i.HAL_SYSTICK_Config)
    i.HAL_UARTEx_DisableFifoMode             0x080028f4   Section        0  stm32g0xx_hal_uart_ex.o(i.HAL_UARTEx_DisableFifoMode)
    i.HAL_UARTEx_RxEventCallback             0x08002930   Section        0  stm32g0xx_hal_uart.o(i.HAL_UARTEx_RxEventCallback)
    i.HAL_UARTEx_RxFifoFullCallback          0x08002932   Section        0  stm32g0xx_hal_uart_ex.o(i.HAL_UARTEx_RxFifoFullCallback)
    i.HAL_UARTEx_SetRxFifoThreshold          0x08002934   Section        0  stm32g0xx_hal_uart_ex.o(i.HAL_UARTEx_SetRxFifoThreshold)
    i.HAL_UARTEx_SetTxFifoThreshold          0x0800297c   Section        0  stm32g0xx_hal_uart_ex.o(i.HAL_UARTEx_SetTxFifoThreshold)
    i.HAL_UARTEx_TxFifoEmptyCallback         0x080029c2   Section        0  stm32g0xx_hal_uart_ex.o(i.HAL_UARTEx_TxFifoEmptyCallback)
    i.HAL_UARTEx_WakeupCallback              0x080029c4   Section        0  stm32g0xx_hal_uart_ex.o(i.HAL_UARTEx_WakeupCallback)
    i.HAL_UART_DMAStop                       0x080029c6   Section        0  stm32g0xx_hal_uart.o(i.HAL_UART_DMAStop)
    i.HAL_UART_ErrorCallback                 0x08002a60   Section        0  stm32g0xx_hal_uart.o(i.HAL_UART_ErrorCallback)
    i.HAL_UART_IRQHandler                    0x08002a64   Section        0  stm32g0xx_hal_uart.o(i.HAL_UART_IRQHandler)
    i.HAL_UART_Init                          0x08002d54   Section        0  stm32g0xx_hal_uart.o(i.HAL_UART_Init)
    i.HAL_UART_MspInit                       0x08002dc0   Section        0  usart.o(i.HAL_UART_MspInit)
    i.HAL_UART_Receive_DMA                   0x08002e84   Section        0  stm32g0xx_hal_uart.o(i.HAL_UART_Receive_DMA)
    i.HAL_UART_RxCpltCallback                0x08002edc   Section        0  stm32g0xx_hal_uart.o(i.HAL_UART_RxCpltCallback)
    i.HAL_UART_RxHalfCpltCallback            0x08002ede   Section        0  stm32g0xx_hal_uart.o(i.HAL_UART_RxHalfCpltCallback)
    i.HAL_UART_Transmit                      0x08002ee0   Section        0  stm32g0xx_hal_uart.o(i.HAL_UART_Transmit)
    i.HAL_UART_TxCpltCallback                0x08002fae   Section        0  stm32g0xx_hal_uart.o(i.HAL_UART_TxCpltCallback)
    i.HardFault_Handler                      0x08002fb0   Section        0  stm32g0xx_it.o(i.HardFault_Handler)
    i.LCD_WriteData_16Bit                    0x08002fb4   Section        0  lcd.o(i.LCD_WriteData_16Bit)
    i.LL_ADC_IsEnabled                       0x08002fdc   Section        0  stm32g0xx_hal_adc.o(i.LL_ADC_IsEnabled)
    LL_ADC_IsEnabled                         0x08002fdd   Thumb Code     8  stm32g0xx_hal_adc.o(i.LL_ADC_IsEnabled)
    i.LL_ADC_REG_IsConversionOngoing         0x08002fe4   Section        0  stm32g0xx_hal_adc.o(i.LL_ADC_REG_IsConversionOngoing)
    LL_ADC_REG_IsConversionOngoing           0x08002fe5   Thumb Code     8  stm32g0xx_hal_adc.o(i.LL_ADC_REG_IsConversionOngoing)
    i.LL_ADC_REG_IsTriggerSourceSWStart      0x08002fec   Section        0  stm32g0xx_hal_adc.o(i.LL_ADC_REG_IsTriggerSourceSWStart)
    LL_ADC_REG_IsTriggerSourceSWStart        0x08002fed   Thumb Code    16  stm32g0xx_hal_adc.o(i.LL_ADC_REG_IsTriggerSourceSWStart)
    i.LL_ADC_SetCommonPathInternalCh         0x08002ffc   Section        0  stm32g0xx_hal_adc.o(i.LL_ADC_SetCommonPathInternalCh)
    LL_ADC_SetCommonPathInternalCh           0x08002ffd   Thumb Code    14  stm32g0xx_hal_adc.o(i.LL_ADC_SetCommonPathInternalCh)
    i.LL_ADC_SetSamplingTimeCommonChannels   0x0800300a   Section        0  stm32g0xx_hal_adc.o(i.LL_ADC_SetSamplingTimeCommonChannels)
    LL_ADC_SetSamplingTimeCommonChannels     0x0800300b   Thumb Code    22  stm32g0xx_hal_adc.o(i.LL_ADC_SetSamplingTimeCommonChannels)
    i.Lcd_Clear                              0x08003020   Section        0  lcd.o(i.Lcd_Clear)
    i.Lcd_Init                               0x08003050   Section        0  lcd.o(i.Lcd_Init)
    i.Lcd_Proc                               0x080030f4   Section        0  main.o(i.Lcd_Proc)
    i.Lcd_SetRegion                          0x080034fc   Section        0  lcd.o(i.Lcd_SetRegion)
    i.Lcd_WriteData                          0x08003554   Section        0  lcd.o(i.Lcd_WriteData)
    i.Lcd_WriteIndex                         0x08003574   Section        0  lcd.o(i.Lcd_WriteIndex)
    i.MX_ADC1_Init                           0x08003594   Section        0  adc.o(i.MX_ADC1_Init)
    i.MX_DMA_Init                            0x0800361c   Section        0  dma.o(i.MX_DMA_Init)
    i.MX_GPIO_Init                           0x08003654   Section        0  gpio.o(i.MX_GPIO_Init)
    i.MX_USART1_UART_Init                    0x08003720   Section        0  usart.o(i.MX_USART1_UART_Init)
    i.NMI_Handler                            0x08003788   Section        0  stm32g0xx_it.o(i.NMI_Handler)
    i.PendSV_Handler                         0x0800378a   Section        0  stm32g0xx_it.o(i.PendSV_Handler)
    i.SPI_WriteData                          0x0800378c   Section        0  lcd.o(i.SPI_WriteData)
    i.SVC_Handler                            0x080037b8   Section        0  stm32g0xx_it.o(i.SVC_Handler)
    i.SysTick_Handler                        0x080037ba   Section        0  stm32g0xx_it.o(i.SysTick_Handler)
    i.SystemClock_Config                     0x080037c2   Section        0  main.o(i.SystemClock_Config)
    i.SystemInit                             0x0800381c   Section        0  system_stm32g0xx.o(i.SystemInit)
    i.UARTEx_SetNbDataToProcess              0x08003820   Section        0  stm32g0xx_hal_uart_ex.o(i.UARTEx_SetNbDataToProcess)
    UARTEx_SetNbDataToProcess                0x08003821   Thumb Code    62  stm32g0xx_hal_uart_ex.o(i.UARTEx_SetNbDataToProcess)
    i.UART_AdvFeatureConfig                  0x08003864   Section        0  stm32g0xx_hal_uart.o(i.UART_AdvFeatureConfig)
    i.UART_CheckIdleState                    0x08003930   Section        0  stm32g0xx_hal_uart.o(i.UART_CheckIdleState)
    i.UART_DMAAbortOnError                   0x080039e8   Section        0  stm32g0xx_hal_uart.o(i.UART_DMAAbortOnError)
    UART_DMAAbortOnError                     0x080039e9   Thumb Code    20  stm32g0xx_hal_uart.o(i.UART_DMAAbortOnError)
    i.UART_DMAError                          0x080039fc   Section        0  stm32g0xx_hal_uart.o(i.UART_DMAError)
    UART_DMAError                            0x080039fd   Thumb Code    78  stm32g0xx_hal_uart.o(i.UART_DMAError)
    i.UART_DMAReceiveCplt                    0x08003a4a   Section        0  stm32g0xx_hal_uart.o(i.UART_DMAReceiveCplt)
    UART_DMAReceiveCplt                      0x08003a4b   Thumb Code   156  stm32g0xx_hal_uart.o(i.UART_DMAReceiveCplt)
    i.UART_DMARxHalfCplt                     0x08003ae6   Section        0  stm32g0xx_hal_uart.o(i.UART_DMARxHalfCplt)
    UART_DMARxHalfCplt                       0x08003ae7   Thumb Code    32  stm32g0xx_hal_uart.o(i.UART_DMARxHalfCplt)
    i.UART_EndRxTransfer                     0x08003b08   Section        0  stm32g0xx_hal_uart.o(i.UART_EndRxTransfer)
    UART_EndRxTransfer                       0x08003b09   Thumb Code    96  stm32g0xx_hal_uart.o(i.UART_EndRxTransfer)
    i.UART_EndTxTransfer                     0x08003b6c   Section        0  stm32g0xx_hal_uart.o(i.UART_EndTxTransfer)
    UART_EndTxTransfer                       0x08003b6d   Thumb Code    60  stm32g0xx_hal_uart.o(i.UART_EndTxTransfer)
    i.UART_SetConfig                         0x08003ba8   Section        0  stm32g0xx_hal_uart.o(i.UART_SetConfig)
    i.UART_Start_Receive_DMA                 0x08003d10   Section        0  stm32g0xx_hal_uart.o(i.UART_Start_Receive_DMA)
    i.UART_WaitOnFlagUntilTimeout            0x08003dbc   Section        0  stm32g0xx_hal_uart.o(i.UART_WaitOnFlagUntilTimeout)
    i.USART1_IRQHandler                      0x08003e4c   Section        0  stm32g0xx_it.o(i.USART1_IRQHandler)
    i.Uart_Proc                              0x08003f2c   Section        0  main.o(i.Uart_Proc)
    i.__0printf                              0x08004000   Section        0  printfa.o(i.__0printf)
    i.__0sprintf                             0x08004020   Section        0  printfa.o(i.__0sprintf)
    i.__ARM_clz                              0x08004048   Section        0  depilogue.o(i.__ARM_clz)
    i.__NVIC_SetPriority                     0x08004078   Section        0  stm32g0xx_hal_cortex.o(i.__NVIC_SetPriority)
    __NVIC_SetPriority                       0x08004079   Thumb Code    60  stm32g0xx_hal_cortex.o(i.__NVIC_SetPriority)
    i.__scatterload_copy                     0x080040bc   Section       14  handlers.o(i.__scatterload_copy)
    i.__scatterload_null                     0x080040ca   Section        2  handlers.o(i.__scatterload_null)
    i.__scatterload_zeroinit                 0x080040cc   Section       14  handlers.o(i.__scatterload_zeroinit)
    i._fp_digits                             0x080040dc   Section        0  printfa.o(i._fp_digits)
    _fp_digits                               0x080040dd   Thumb Code   344  printfa.o(i._fp_digits)
    i._printf_core                           0x08004250   Section        0  printfa.o(i._printf_core)
    _printf_core                             0x08004251   Thumb Code  1760  printfa.o(i._printf_core)
    i._printf_post_padding                   0x08004940   Section        0  printfa.o(i._printf_post_padding)
    _printf_post_padding                     0x08004941   Thumb Code    32  printfa.o(i._printf_post_padding)
    i._printf_pre_padding                    0x08004960   Section        0  printfa.o(i._printf_pre_padding)
    _printf_pre_padding                      0x08004961   Thumb Code    44  printfa.o(i._printf_pre_padding)
    i._sputc                                 0x0800498c   Section        0  printfa.o(i._sputc)
    _sputc                                   0x0800498d   Thumb Code    10  printfa.o(i._sputc)
    i.delay_us                               0x08004998   Section        0  main.o(i.delay_us)
    i.fputc                                  0x080049cc   Section        0  main.o(i.fputc)
    i.getKey_value                           0x080049dc   Section        0  main.o(i.getKey_value)
    i.main                                   0x08004a30   Section        0  main.o(i.main)
    .constdata                               0x08004afc   Section     4097  lcd.o(.constdata)
    .constdata                               0x08005afd   Section     1952  main.o(.constdata)
    .constdata                               0x0800629e   Section       24  stm32g0xx_hal_uart.o(.constdata)
    .constdata                               0x080062b6   Section       16  stm32g0xx_hal_uart_ex.o(.constdata)
    numerator                                0x080062b6   Data           8  stm32g0xx_hal_uart_ex.o(.constdata)
    denominator                              0x080062be   Data           8  stm32g0xx_hal_uart_ex.o(.constdata)
    .constdata                               0x080062c8   Section       64  system_stm32g0xx.o(.constdata)
    .constdata                               0x08006308   Section       32  system_stm32g0xx.o(.constdata)
    .constdata                               0x08006328   Section       64  ctype_c.o(.constdata)
    .data                                    0x20000000   Section       56  main.o(.data)
    fac_us                                   0x20000018   Data           4  main.o(.data)
    .data                                    0x20000038   Section        1  stm32g0xx_it.o(.data)
    .data                                    0x2000003c   Section       12  stm32g0xx_hal.o(.data)
    .data                                    0x20000048   Section        4  system_stm32g0xx.o(.data)
    .data                                    0x2000004c   Section        4  stdout.o(.data)
    .bss                                     0x20000050   Section      132  main.o(.bss)
    .bss                                     0x200000d4   Section      192  adc.o(.bss)
    .bss                                     0x20000194   Section      240  usart.o(.bss)
    STACK                                    0x20000288   Section     1024  startup_stm32g030xx.o(STACK)

    Global Symbols

    Symbol Name                              Value     Ov Type        Size  Object(Section)

    BuildAttributes$$THM_ISAv3M$S$PE$A:L22$X:L11$S22$IEEE1$IW$USESV6$~STKCKD$USESV7$~SHL$OTIME$ROPI$EBA8$MICROLIB$REQ8$PRES8$EABIv2 0x00000000   Number         0  anon$$obj.o ABSOLUTE
    __ARM_use_no_argv                        0x00000000   Number         0  main.o ABSOLUTE
    _printf_a                                0x00000000   Number         0  stubs.o ABSOLUTE
    _printf_c                                0x00000000   Number         0  stubs.o ABSOLUTE
    _printf_charcount                        0x00000000   Number         0  stubs.o ABSOLUTE
    _printf_d                                0x00000000   Number         0  stubs.o ABSOLUTE
    _printf_e                                0x00000000   Number         0  stubs.o ABSOLUTE
    _printf_f                                0x00000000   Number         0  stubs.o ABSOLUTE
    _printf_flags                            0x00000000   Number         0  stubs.o ABSOLUTE
    _printf_fp_dec                           0x00000000   Number         0  stubs.o ABSOLUTE
    _printf_fp_hex                           0x00000000   Number         0  stubs.o ABSOLUTE
    _printf_g                                0x00000000   Number         0  stubs.o ABSOLUTE
    _printf_i                                0x00000000   Number         0  stubs.o ABSOLUTE
    _printf_int_dec                          0x00000000   Number         0  stubs.o ABSOLUTE
    _printf_l                                0x00000000   Number         0  stubs.o ABSOLUTE
    _printf_lc                               0x00000000   Number         0  stubs.o ABSOLUTE
    _printf_ll                               0x00000000   Number         0  stubs.o ABSOLUTE
    _printf_lld                              0x00000000   Number         0  stubs.o ABSOLUTE
    _printf_lli                              0x00000000   Number         0  stubs.o ABSOLUTE
    _printf_llo                              0x00000000   Number         0  stubs.o ABSOLUTE
    _printf_llu                              0x00000000   Number         0  stubs.o ABSOLUTE
    _printf_llx                              0x00000000   Number         0  stubs.o ABSOLUTE
    _printf_longlong_dec                     0x00000000   Number         0  stubs.o ABSOLUTE
    _printf_longlong_hex                     0x00000000   Number         0  stubs.o ABSOLUTE
    _printf_longlong_oct                     0x00000000   Number         0  stubs.o ABSOLUTE
    _printf_ls                               0x00000000   Number         0  stubs.o ABSOLUTE
    _printf_mbtowc                           0x00000000   Number         0  stubs.o ABSOLUTE
    _printf_n                                0x00000000   Number         0  stubs.o ABSOLUTE
    _printf_o                                0x00000000   Number         0  stubs.o ABSOLUTE
    _printf_p                                0x00000000   Number         0  stubs.o ABSOLUTE
    _printf_percent                          0x00000000   Number         0  stubs.o ABSOLUTE
    _printf_pre_padding                      0x00000000   Number         0  stubs.o ABSOLUTE
    _printf_return_value                     0x00000000   Number         0  stubs.o ABSOLUTE
    _printf_s                                0x00000000   Number         0  stubs.o ABSOLUTE
    _printf_sizespec                         0x00000000   Number         0  stubs.o ABSOLUTE
    _printf_str                              0x00000000   Number         0  stubs.o ABSOLUTE
    _printf_truncate_signed                  0x00000000   Number         0  stubs.o ABSOLUTE
    _printf_truncate_unsigned                0x00000000   Number         0  stubs.o ABSOLUTE
    _printf_u                                0x00000000   Number         0  stubs.o ABSOLUTE
    _printf_wc                               0x00000000   Number         0  stubs.o ABSOLUTE
    _printf_wctomb                           0x00000000   Number         0  stubs.o ABSOLUTE
    _printf_widthprec                        0x00000000   Number         0  stubs.o ABSOLUTE
    _printf_x                                0x00000000   Number         0  stubs.o ABSOLUTE
    __arm_fini_                               - Undefined Weak Reference
    __cpp_initialize__aeabi_                  - Undefined Weak Reference
    __cxa_finalize                            - Undefined Weak Reference
    __decompress                              - Undefined Weak Reference
    _clock_init                               - Undefined Weak Reference
    _microlib_exit                            - Undefined Weak Reference
    _scanf_longlong                           - Undefined Weak Reference
    _scanf_real                               - Undefined Weak Reference
    _scanf_string                             - Undefined Weak Reference
    __Vectors_Size                           0x000000c0   Number         0  startup_stm32g030xx.o ABSOLUTE
    __Vectors                                0x08000000   Data           4  startup_stm32g030xx.o(RESET)
    __Vectors_End                            0x080000c0   Data           0  startup_stm32g030xx.o(RESET)
    __main                                   0x080000c1   Thumb Code     0  entry.o(.ARM.Collect$$$$00000000)
    _main_stk                                0x080000c1   Thumb Code     0  entry2.o(.ARM.Collect$$$$00000001)
    _main_scatterload                        0x080000c5   Thumb Code     0  entry5.o(.ARM.Collect$$$$00000004)
    __main_after_scatterload                 0x080000c9   Thumb Code     0  entry5.o(.ARM.Collect$$$$00000004)
    _main_clock                              0x080000c9   Thumb Code     0  entry7b.o(.ARM.Collect$$$$00000008)
    _main_cpp_init                           0x080000c9   Thumb Code     0  entry8b.o(.ARM.Collect$$$$0000000A)
    _main_init                               0x080000c9   Thumb Code     0  entry9a.o(.ARM.Collect$$$$0000000B)
    __rt_lib_shutdown_fini                   0x080000d1   Thumb Code     0  entry12b.o(.ARM.Collect$$$$0000000E)
    __rt_final_cpp                           0x080000d5   Thumb Code     0  entry10a.o(.ARM.Collect$$$$0000000F)
    __rt_final_exit                          0x080000d5   Thumb Code     0  entry11a.o(.ARM.Collect$$$$00000011)
    Reset_Handler                            0x080000d9   Thumb Code     8  startup_stm32g030xx.o(.text)
    DMA1_Ch4_5_DMAMUX1_OVR_IRQHandler        0x080000eb   Thumb Code     0  startup_stm32g030xx.o(.text)
    EXTI0_1_IRQHandler                       0x080000eb   Thumb Code     0  startup_stm32g030xx.o(.text)
    EXTI2_3_IRQHandler                       0x080000eb   Thumb Code     0  startup_stm32g030xx.o(.text)
    FLASH_IRQHandler                         0x080000eb   Thumb Code     0  startup_stm32g030xx.o(.text)
    I2C1_IRQHandler                          0x080000eb   Thumb Code     0  startup_stm32g030xx.o(.text)
    I2C2_IRQHandler                          0x080000eb   Thumb Code     0  startup_stm32g030xx.o(.text)
    RCC_IRQHandler                           0x080000eb   Thumb Code     0  startup_stm32g030xx.o(.text)
    RTC_TAMP_IRQHandler                      0x080000eb   Thumb Code     0  startup_stm32g030xx.o(.text)
    SPI1_IRQHandler                          0x080000eb   Thumb Code     0  startup_stm32g030xx.o(.text)
    SPI2_IRQHandler                          0x080000eb   Thumb Code     0  startup_stm32g030xx.o(.text)
    TIM14_IRQHandler                         0x080000eb   Thumb Code     0  startup_stm32g030xx.o(.text)
    TIM16_IRQHandler                         0x080000eb   Thumb Code     0  startup_stm32g030xx.o(.text)
    TIM17_IRQHandler                         0x080000eb   Thumb Code     0  startup_stm32g030xx.o(.text)
    TIM1_BRK_UP_TRG_COM_IRQHandler           0x080000eb   Thumb Code     0  startup_stm32g030xx.o(.text)
    TIM1_CC_IRQHandler                       0x080000eb   Thumb Code     0  startup_stm32g030xx.o(.text)
    TIM3_IRQHandler                          0x080000eb   Thumb Code     0  startup_stm32g030xx.o(.text)
    USART2_IRQHandler                        0x080000eb   Thumb Code     0  startup_stm32g030xx.o(.text)
    WWDG_IRQHandler                          0x080000eb   Thumb Code     0  startup_stm32g030xx.o(.text)
    __aeabi_uidiv                            0x080000f5   Thumb Code     0  uidiv.o(.text)
    __aeabi_uidivmod                         0x080000f5   Thumb Code    44  uidiv.o(.text)
    __aeabi_memset                           0x08000121   Thumb Code    14  memseta.o(.text)
    __aeabi_memset4                          0x08000121   Thumb Code     0  memseta.o(.text)
    __aeabi_memset8                          0x08000121   Thumb Code     0  memseta.o(.text)
    __aeabi_memclr                           0x0800012f   Thumb Code     4  memseta.o(.text)
    __aeabi_memclr4                          0x0800012f   Thumb Code     0  memseta.o(.text)
    __aeabi_memclr8                          0x0800012f   Thumb Code     0  memseta.o(.text)
    _memset$wrapper                          0x08000133   Thumb Code    18  memseta.o(.text)
    strlen                                   0x08000145   Thumb Code    14  strlen.o(.text)
    __0sscanf                                0x08000155   Thumb Code    50  __0sscanf.o(.text)
    _scanf_int                               0x08000191   Thumb Code   330  _scanf_int.o(.text)
    __aeabi_dadd                             0x080002dd   Thumb Code   330  dadd.o(.text)
    __aeabi_dsub                             0x08000427   Thumb Code    12  dadd.o(.text)
    __aeabi_drsub                            0x08000433   Thumb Code    12  dadd.o(.text)
    __aeabi_dmul                             0x08000445   Thumb Code   202  dmul.o(.text)
    __aeabi_ui2f                             0x08000515   Thumb Code    14  ffltui.o(.text)
    __aeabi_ui2d                             0x08000525   Thumb Code    24  dfltui.o(.text)
    __aeabi_f2d                              0x08000541   Thumb Code    40  f2d.o(.text)
    __aeabi_d2f                              0x08000569   Thumb Code    56  d2f.o(.text)
    __aeabi_cfcmpeq                          0x080005a1   Thumb Code     0  cfcmple.o(.text)
    __aeabi_cfcmple                          0x080005a1   Thumb Code    20  cfcmple.o(.text)
    __aeabi_cfrcmple                         0x080005b5   Thumb Code    20  cfrcmple.o(.text)
    __aeabi_uldivmod                         0x080005c9   Thumb Code    96  uldiv.o(.text)
    __aeabi_llsl                             0x08000629   Thumb Code    32  llshl.o(.text)
    _ll_shift_l                              0x08000629   Thumb Code     0  llshl.o(.text)
    __aeabi_lasr                             0x08000649   Thumb Code    38  llsshr.o(.text)
    _ll_sshift_r                             0x08000649   Thumb Code     0  llsshr.o(.text)
    _chval                                   0x0800066f   Thumb Code    30  _chval.o(.text)
    __vfscanf_char                           0x08000699   Thumb Code    24  scanf_char.o(.text)
    _sgetc                                   0x080006b9   Thumb Code    32  _sgetc.o(.text)
    _sbackspace                              0x080006d9   Thumb Code    36  _sgetc.o(.text)
    __I$use$fp                               0x080006fd   Thumb Code     0  iusefp.o(.text)
    _float_round                             0x080006fd   Thumb Code    16  fepilogue.o(.text)
    _float_epilogue                          0x0800070d   Thumb Code   114  fepilogue.o(.text)
    _double_round                            0x0800077f   Thumb Code    26  depilogue.o(.text)
    _double_epilogue                         0x08000799   Thumb Code   164  depilogue.o(.text)
    __aeabi_ddiv                             0x0800083d   Thumb Code   234  ddiv.o(.text)
    __aeabi_d2ulz                            0x0800092d   Thumb Code    54  dfixul.o(.text)
    __aeabi_cdrcmple                         0x0800096d   Thumb Code    38  cdrcmple.o(.text)
    __scatterload                            0x08000995   Thumb Code    28  init.o(.text)
    __scatterload_rt2                        0x08000995   Thumb Code     0  init.o(.text)
    __aeabi_llsr                             0x080009b9   Thumb Code    34  llushr.o(.text)
    _ll_ushift_r                             0x080009b9   Thumb Code     0  llushr.o(.text)
    isspace                                  0x080009db   Thumb Code    14  isspace_c.o(.text)
    __vfscanf                                0x080009e9   Thumb Code   814  _scanf.o(.text)
    __ctype_lookup                           0x08000d25   Thumb Code    32  ctype_c.o(.text)
    ADC1_IRQHandler                          0x08000d49   Thumb Code    10  stm32g0xx_it.o(i.ADC1_IRQHandler)
    ADC_ConversionStop                       0x08000d59   Thumb Code    92  stm32g0xx_hal_adc.o(i.ADC_ConversionStop)
    ADC_Disable                              0x08000e5d   Thumb Code   110  stm32g0xx_hal_adc.o(i.ADC_Disable)
    ADC_Enable                               0x08000ed1   Thumb Code   162  stm32g0xx_hal_adc.o(i.ADC_Enable)
    DHT11_Check                              0x08000f85   Thumb Code   118  dht11.o(i.DHT11_Check)
    DHT11_Read_Bit                           0x08001001   Thumb Code    90  dht11.o(i.DHT11_Read_Bit)
    DHT11_Read_Byte                          0x08001061   Thumb Code    26  dht11.o(i.DHT11_Read_Byte)
    DHT11_Read_Data                          0x0800107b   Thumb Code    84  dht11.o(i.DHT11_Read_Data)
    DHT11_Rst                                0x080010d1   Thumb Code    74  dht11.o(i.DHT11_Rst)
    DMA1_Channel1_IRQHandler                 0x08001121   Thumb Code    10  stm32g0xx_it.o(i.DMA1_Channel1_IRQHandler)
    DMA1_Channel2_3_IRQHandler               0x08001131   Thumb Code    10  stm32g0xx_it.o(i.DMA1_Channel2_3_IRQHandler)
    EXTI4_15_IRQHandler                      0x080011e1   Thumb Code    12  stm32g0xx_it.o(i.EXTI4_15_IRQHandler)
    Error_Handler                            0x080011ed   Thumb Code     4  main.o(i.Error_Handler)
    FS_DHT11_Init                            0x080011f1   Thumb Code    60  dht11.o(i.FS_DHT11_Init)
    Get_AdcData                              0x08001231   Thumb Code    14  main.o(i.Get_AdcData)
    Gui_DrawFont_1616                        0x08001249   Thumb Code    90  lcd.o(i.Gui_DrawFont_1616)
    Gui_DrawFont_GBK16                       0x080012a5   Thumb Code   132  lcd.o(i.Gui_DrawFont_GBK16)
    Gui_DrawPoint                            0x0800132d   Thumb Code    24  lcd.o(i.Gui_DrawPoint)
    HAL_ADCEx_ChannelConfigReadyCallback     0x08001345   Thumb Code     2  stm32g0xx_hal_adc_ex.o(i.HAL_ADCEx_ChannelConfigReadyCallback)
    HAL_ADCEx_EndOfSamplingCallback          0x08001347   Thumb Code     2  stm32g0xx_hal_adc_ex.o(i.HAL_ADCEx_EndOfSamplingCallback)
    HAL_ADCEx_LevelOutOfWindow2Callback      0x08001349   Thumb Code     2  stm32g0xx_hal_adc_ex.o(i.HAL_ADCEx_LevelOutOfWindow2Callback)
    HAL_ADCEx_LevelOutOfWindow3Callback      0x0800134b   Thumb Code     2  stm32g0xx_hal_adc_ex.o(i.HAL_ADCEx_LevelOutOfWindow3Callback)
    HAL_ADC_ConfigChannel                    0x0800134d   Thumb Code   522  stm32g0xx_hal_adc.o(i.HAL_ADC_ConfigChannel)
    HAL_ADC_ConvCpltCallback                 0x08001571   Thumb Code    10  main.o(i.HAL_ADC_ConvCpltCallback)
    HAL_ADC_ConvHalfCpltCallback             0x08001581   Thumb Code     2  stm32g0xx_hal_adc.o(i.HAL_ADC_ConvHalfCpltCallback)
    HAL_ADC_ErrorCallback                    0x08001583   Thumb Code     2  stm32g0xx_hal_adc.o(i.HAL_ADC_ErrorCallback)
    HAL_ADC_IRQHandler                       0x08001585   Thumb Code   330  stm32g0xx_hal_adc.o(i.HAL_ADC_IRQHandler)
    HAL_ADC_Init                             0x080016d5   Thumb Code   514  stm32g0xx_hal_adc.o(i.HAL_ADC_Init)
    HAL_ADC_LevelOutOfWindowCallback         0x080018f5   Thumb Code     2  stm32g0xx_hal_adc.o(i.HAL_ADC_LevelOutOfWindowCallback)
    HAL_ADC_MspInit                          0x080018f9   Thumb Code   146  adc.o(i.HAL_ADC_MspInit)
    HAL_ADC_Start_DMA                        0x0800199d   Thumb Code   158  stm32g0xx_hal_adc.o(i.HAL_ADC_Start_DMA)
    HAL_ADC_Stop_DMA                         0x08001a51   Thumb Code   120  stm32g0xx_hal_adc.o(i.HAL_ADC_Stop_DMA)
    HAL_DMA_Abort                            0x08001ac9   Thumb Code   112  stm32g0xx_hal_dma.o(i.HAL_DMA_Abort)
    HAL_DMA_Abort_IT                         0x08001b3d   Thumb Code   118  stm32g0xx_hal_dma.o(i.HAL_DMA_Abort_IT)
    HAL_DMA_GetError                         0x08001bb9   Thumb Code     4  stm32g0xx_hal_dma.o(i.HAL_DMA_GetError)
    HAL_DMA_IRQHandler                       0x08001bbd   Thumb Code   180  stm32g0xx_hal_dma.o(i.HAL_DMA_IRQHandler)
    HAL_DMA_Init                             0x08001c75   Thumb Code   156  stm32g0xx_hal_dma.o(i.HAL_DMA_Init)
    HAL_DMA_Start_IT                         0x08001d19   Thumb Code   136  stm32g0xx_hal_dma.o(i.HAL_DMA_Start_IT)
    HAL_Delay                                0x08001da5   Thumb Code    32  stm32g0xx_hal.o(i.HAL_Delay)
    HAL_GPIO_EXTI_Falling_Callback           0x08001dc9   Thumb Code     2  stm32g0xx_hal_gpio.o(i.HAL_GPIO_EXTI_Falling_Callback)
    HAL_GPIO_EXTI_IRQHandler                 0x08001dcd   Thumb Code    36  stm32g0xx_hal_gpio.o(i.HAL_GPIO_EXTI_IRQHandler)
    HAL_GPIO_EXTI_Rising_Callback            0x08001df5   Thumb Code   254  main.o(i.HAL_GPIO_EXTI_Rising_Callback)
    HAL_GPIO_Init                            0x08001efd   Thumb Code   330  stm32g0xx_hal_gpio.o(i.HAL_GPIO_Init)
    HAL_GPIO_ReadPin                         0x08002059   Thumb Code    10  stm32g0xx_hal_gpio.o(i.HAL_GPIO_ReadPin)
    HAL_GPIO_WritePin                        0x08002063   Thumb Code    12  stm32g0xx_hal_gpio.o(i.HAL_GPIO_WritePin)
    HAL_GetTick                              0x08002071   Thumb Code     6  stm32g0xx_hal.o(i.HAL_GetTick)
    HAL_IncTick                              0x0800207d   Thumb Code    12  stm32g0xx_hal.o(i.HAL_IncTick)
    HAL_Init                                 0x0800208d   Thumb Code    36  stm32g0xx_hal.o(i.HAL_Init)
    HAL_InitTick                             0x080020b5   Thumb Code    64  stm32g0xx_hal.o(i.HAL_InitTick)
    HAL_MspInit                              0x080020fd   Thumb Code    38  stm32g0xx_hal_msp.o(i.HAL_MspInit)
    HAL_NVIC_EnableIRQ                       0x08002129   Thumb Code    18  stm32g0xx_hal_cortex.o(i.HAL_NVIC_EnableIRQ)
    HAL_NVIC_SetPriority                     0x08002141   Thumb Code     8  stm32g0xx_hal_cortex.o(i.HAL_NVIC_SetPriority)
    HAL_PWREx_ControlVoltageScaling          0x08002149   Thumb Code    62  stm32g0xx_hal_pwr_ex.o(i.HAL_PWREx_ControlVoltageScaling)
    HAL_RCCEx_PeriphCLKConfig                0x08002195   Thumb Code   320  stm32g0xx_hal_rcc_ex.o(i.HAL_RCCEx_PeriphCLKConfig)
    HAL_RCC_ClockConfig                      0x080022e1   Thumb Code   318  stm32g0xx_hal_rcc.o(i.HAL_RCC_ClockConfig)
    HAL_RCC_GetPCLK1Freq                     0x08002439   Thumb Code    26  stm32g0xx_hal_rcc.o(i.HAL_RCC_GetPCLK1Freq)
    HAL_RCC_GetSysClockFreq                  0x08002461   Thumb Code   130  stm32g0xx_hal_rcc.o(i.HAL_RCC_GetSysClockFreq)
    HAL_RCC_OscConfig                        0x080024ed   Thumb Code   946  stm32g0xx_hal_rcc.o(i.HAL_RCC_OscConfig)
    HAL_SYSTICK_Config                       0x080028c5   Thumb Code    38  stm32g0xx_hal_cortex.o(i.HAL_SYSTICK_Config)
    HAL_UARTEx_DisableFifoMode               0x080028f5   Thumb Code    60  stm32g0xx_hal_uart_ex.o(i.HAL_UARTEx_DisableFifoMode)
    HAL_UARTEx_RxEventCallback               0x08002931   Thumb Code     2  stm32g0xx_hal_uart.o(i.HAL_UARTEx_RxEventCallback)
    HAL_UARTEx_RxFifoFullCallback            0x08002933   Thumb Code     2  stm32g0xx_hal_uart_ex.o(i.HAL_UARTEx_RxFifoFullCallback)
    HAL_UARTEx_SetRxFifoThreshold            0x08002935   Thumb Code    72  stm32g0xx_hal_uart_ex.o(i.HAL_UARTEx_SetRxFifoThreshold)
    HAL_UARTEx_SetTxFifoThreshold            0x0800297d   Thumb Code    70  stm32g0xx_hal_uart_ex.o(i.HAL_UARTEx_SetTxFifoThreshold)
    HAL_UARTEx_TxFifoEmptyCallback           0x080029c3   Thumb Code     2  stm32g0xx_hal_uart_ex.o(i.HAL_UARTEx_TxFifoEmptyCallback)
    HAL_UARTEx_WakeupCallback                0x080029c5   Thumb Code     2  stm32g0xx_hal_uart_ex.o(i.HAL_UARTEx_WakeupCallback)
    HAL_UART_DMAStop                         0x080029c7   Thumb Code   154  stm32g0xx_hal_uart.o(i.HAL_UART_DMAStop)
    HAL_UART_ErrorCallback                   0x08002a61   Thumb Code     2  stm32g0xx_hal_uart.o(i.HAL_UART_ErrorCallback)
    HAL_UART_IRQHandler                      0x08002a65   Thumb Code   734  stm32g0xx_hal_uart.o(i.HAL_UART_IRQHandler)
    HAL_UART_Init                            0x08002d55   Thumb Code   108  stm32g0xx_hal_uart.o(i.HAL_UART_Init)
    HAL_UART_MspInit                         0x08002dc1   Thumb Code   180  usart.o(i.HAL_UART_MspInit)
    HAL_UART_Receive_DMA                     0x08002e85   Thumb Code    88  stm32g0xx_hal_uart.o(i.HAL_UART_Receive_DMA)
    HAL_UART_RxCpltCallback                  0x08002edd   Thumb Code     2  stm32g0xx_hal_uart.o(i.HAL_UART_RxCpltCallback)
    HAL_UART_RxHalfCpltCallback              0x08002edf   Thumb Code     2  stm32g0xx_hal_uart.o(i.HAL_UART_RxHalfCpltCallback)
    HAL_UART_Transmit                        0x08002ee1   Thumb Code   206  stm32g0xx_hal_uart.o(i.HAL_UART_Transmit)
    HAL_UART_TxCpltCallback                  0x08002faf   Thumb Code     2  stm32g0xx_hal_uart.o(i.HAL_UART_TxCpltCallback)
    HardFault_Handler                        0x08002fb1   Thumb Code     2  stm32g0xx_it.o(i.HardFault_Handler)
    LCD_WriteData_16Bit                      0x08002fb5   Thumb Code    36  lcd.o(i.LCD_WriteData_16Bit)
    Lcd_Clear                                0x08003021   Thumb Code    46  lcd.o(i.Lcd_Clear)
    Lcd_Init                                 0x08003051   Thumb Code   158  lcd.o(i.Lcd_Init)
    Lcd_Proc                                 0x080030f5   Thumb Code   948  main.o(i.Lcd_Proc)
    Lcd_SetRegion                            0x080034fd   Thumb Code    86  lcd.o(i.Lcd_SetRegion)
    Lcd_WriteData                            0x08003555   Thumb Code    26  lcd.o(i.Lcd_WriteData)
    Lcd_WriteIndex                           0x08003575   Thumb Code    26  lcd.o(i.Lcd_WriteIndex)
    MX_ADC1_Init                             0x08003595   Thumb Code   122  adc.o(i.MX_ADC1_Init)
    MX_DMA_Init                              0x0800361d   Thumb Code    52  dma.o(i.MX_DMA_Init)
    MX_GPIO_Init                             0x08003655   Thumb Code   196  gpio.o(i.MX_GPIO_Init)
    MX_USART1_UART_Init                      0x08003721   Thumb Code    96  usart.o(i.MX_USART1_UART_Init)
    NMI_Handler                              0x08003789   Thumb Code     2  stm32g0xx_it.o(i.NMI_Handler)
    PendSV_Handler                           0x0800378b   Thumb Code     2  stm32g0xx_it.o(i.PendSV_Handler)
    SPI_WriteData                            0x0800378d   Thumb Code    38  lcd.o(i.SPI_WriteData)
    SVC_Handler                              0x080037b9   Thumb Code     2  stm32g0xx_it.o(i.SVC_Handler)
    SysTick_Handler                          0x080037bb   Thumb Code     8  stm32g0xx_it.o(i.SysTick_Handler)
    SystemClock_Config                       0x080037c3   Thumb Code    90  main.o(i.SystemClock_Config)
    SystemInit                               0x0800381d   Thumb Code     2  system_stm32g0xx.o(i.SystemInit)
    UART_AdvFeatureConfig                    0x08003865   Thumb Code   202  stm32g0xx_hal_uart.o(i.UART_AdvFeatureConfig)
    UART_CheckIdleState                      0x08003931   Thumb Code   180  stm32g0xx_hal_uart.o(i.UART_CheckIdleState)
    UART_SetConfig                           0x08003ba9   Thumb Code   326  stm32g0xx_hal_uart.o(i.UART_SetConfig)
    UART_Start_Receive_DMA                   0x08003d11   Thumb Code   160  stm32g0xx_hal_uart.o(i.UART_Start_Receive_DMA)
    UART_WaitOnFlagUntilTimeout              0x08003dbd   Thumb Code   144  stm32g0xx_hal_uart.o(i.UART_WaitOnFlagUntilTimeout)
    USART1_IRQHandler                        0x08003e4d   Thumb Code   140  stm32g0xx_it.o(i.USART1_IRQHandler)
    Uart_Proc                                0x08003f2d   Thumb Code   132  main.o(i.Uart_Proc)
    __0printf                                0x08004001   Thumb Code    24  printfa.o(i.__0printf)
    __1printf                                0x08004001   Thumb Code     0  printfa.o(i.__0printf)
    __2printf                                0x08004001   Thumb Code     0  printfa.o(i.__0printf)
    __c89printf                              0x08004001   Thumb Code     0  printfa.o(i.__0printf)
    printf                                   0x08004001   Thumb Code     0  printfa.o(i.__0printf)
    __0sprintf                               0x08004021   Thumb Code    36  printfa.o(i.__0sprintf)
    __1sprintf                               0x08004021   Thumb Code     0  printfa.o(i.__0sprintf)
    __2sprintf                               0x08004021   Thumb Code     0  printfa.o(i.__0sprintf)
    __c89sprintf                             0x08004021   Thumb Code     0  printfa.o(i.__0sprintf)
    sprintf                                  0x08004021   Thumb Code     0  printfa.o(i.__0sprintf)
    __ARM_clz                                0x08004049   Thumb Code    46  depilogue.o(i.__ARM_clz)
    __scatterload_copy                       0x080040bd   Thumb Code    14  handlers.o(i.__scatterload_copy)
    __scatterload_null                       0x080040cb   Thumb Code     2  handlers.o(i.__scatterload_null)
    __scatterload_zeroinit                   0x080040cd   Thumb Code    14  handlers.o(i.__scatterload_zeroinit)
    delay_us                                 0x08004999   Thumb Code    44  main.o(i.delay_us)
    fputc                                    0x080049cd   Thumb Code    12  main.o(i.fputc)
    getKey_value                             0x080049dd   Thumb Code    62  main.o(i.getKey_value)
    main                                     0x08004a31   Thumb Code   138  main.o(i.main)
    Zk_ASCII8X16                             0x08004afc   Data        4097  lcd.o(.constdata)
    font1                                    0x08005afd   Data         160  main.o(.constdata)
    font2                                    0x08005b9d   Data          96  main.o(.constdata)
    font3                                    0x08005bfd   Data         128  main.o(.constdata)
    font4                                    0x08005c7d   Data          96  main.o(.constdata)
    font5                                    0x08005cdd   Data          32  main.o(.constdata)
    font6                                    0x08005cfd   Data          32  main.o(.constdata)
    font7                                    0x08005d1d   Data         160  main.o(.constdata)
    font8                                    0x08005dbd   Data         128  main.o(.constdata)
    font9                                    0x08005e3d   Data         160  main.o(.constdata)
    font10                                   0x08005edd   Data         128  main.o(.constdata)
    font11                                   0x08005f5d   Data         128  main.o(.constdata)
    font12                                   0x08005fdd   Data         128  main.o(.constdata)
    font13                                   0x0800605d   Data         576  main.o(.constdata)
    UARTPrescTable                           0x0800629e   Data          24  stm32g0xx_hal_uart.o(.constdata)
    AHBPrescTable                            0x080062c8   Data          64  system_stm32g0xx.o(.constdata)
    APBPrescTable                            0x08006308   Data          32  system_stm32g0xx.o(.constdata)
    __ctype_categories                       0x08006328   Data          64  ctype_c.o(.constdata)
    Region$$Table$$Base                      0x08006368   Number         0  anon$$obj.o(Region$$Table)
    Region$$Table$$Limit                     0x08006388   Number         0  anon$$obj.o(Region$$Table)
    Disp_num                                 0x20000000   Data           1  main.o(.data)
    humiH                                    0x20000001   Data           1  main.o(.data)
    humiL                                    0x20000002   Data           1  main.o(.data)
    tempH                                    0x20000003   Data           1  main.o(.data)
    tempL                                    0x20000004   Data           1  main.o(.data)
    cl1                                      0x20000006   Data           2  main.o(.data)
    cl2                                      0x20000008   Data           2  main.o(.data)
    cl3                                      0x2000000a   Data           2  main.o(.data)
    cl4                                      0x2000000c   Data           2  main.o(.data)
    Threshold_t_set                          0x2000000e   Data           2  main.o(.data)
    Threshold_t_conf                         0x20000010   Data           2  main.o(.data)
    Threshold_h_set                          0x20000012   Data           2  main.o(.data)
    Threshold_h_conf                         0x20000014   Data           2  main.o(.data)
    Tick                                     0x2000001c   Data           4  main.o(.data)
    flag_t                                   0x20000020   Data           4  main.o(.data)
    T_up                                     0x20000024   Data           4  main.o(.data)
    T_low                                    0x20000028   Data           4  main.o(.data)
    H_up                                     0x2000002c   Data           4  main.o(.data)
    H_low                                    0x20000030   Data           4  main.o(.data)
    value                                    0x20000034   Data           4  main.o(.data)
    len                                      0x20000038   Data           1  stm32g0xx_it.o(.data)
    uwTickFreq                               0x2000003c   Data           1  stm32g0xx_hal.o(.data)
    uwTickPrio                               0x20000040   Data           4  stm32g0xx_hal.o(.data)
    uwTick                                   0x20000044   Data           4  stm32g0xx_hal.o(.data)
    SystemCoreClock                          0x20000048   Data           4  system_stm32g0xx.o(.data)
    __stdout                                 0x2000004c   Data           4  stdout.o(.data)
    buf_ctl                                  0x20000050   Data          64  main.o(.bss)
    Lcd_Disp_String                          0x20000090   Data          68  main.o(.bss)
    hadc1                                    0x200000d4   Data         100  adc.o(.bss)
    hdma_adc1                                0x20000138   Data          92  adc.o(.bss)
    huart1                                   0x20000194   Data         148  usart.o(.bss)
    hdma_usart1_rx                           0x20000228   Data          92  usart.o(.bss)
    __initial_sp                             0x20000688   Data           0  startup_stm32g030xx.o(STACK)



==============================================================================

Memory Map of the image

  Image Entry point : 0x080000c1

  Load Region LR_IROM1 (Base: 0x08000000, Size: 0x000063d8, Max: 0x00010000, ABSOLUTE)

    Execution Region ER_IROM1 (Exec base: 0x08000000, Load base: 0x08000000, Size: 0x00006388, Max: 0x00010000, ABSOLUTE)

    Exec Addr    Load Addr    Size         Type   Attr      Idx    E Section Name        Object

    0x08000000   0x08000000   0x000000c0   Data   RO            3    RESET               startup_stm32g030xx.o
    0x080000c0   0x080000c0   0x00000000   Code   RO         2642  * .ARM.Collect$$$$00000000  mc_p.l(entry.o)
    0x080000c0   0x080000c0   0x00000004   Code   RO         2932    .ARM.Collect$$$$00000001  mc_p.l(entry2.o)
    0x080000c4   0x080000c4   0x00000004   Code   RO         2935    .ARM.Collect$$$$00000004  mc_p.l(entry5.o)
    0x080000c8   0x080000c8   0x00000000   Code   RO         2937    .ARM.Collect$$$$00000008  mc_p.l(entry7b.o)
    0x080000c8   0x080000c8   0x00000000   Code   RO         2939    .ARM.Collect$$$$0000000A  mc_p.l(entry8b.o)
    0x080000c8   0x080000c8   0x00000008   Code   RO         2940    .ARM.Collect$$$$0000000B  mc_p.l(entry9a.o)
    0x080000d0   0x080000d0   0x00000004   Code   RO         2947    .ARM.Collect$$$$0000000E  mc_p.l(entry12b.o)
    0x080000d4   0x080000d4   0x00000000   Code   RO         2942    .ARM.Collect$$$$0000000F  mc_p.l(entry10a.o)
    0x080000d4   0x080000d4   0x00000000   Code   RO         2944    .ARM.Collect$$$$00000011  mc_p.l(entry11a.o)
    0x080000d4   0x080000d4   0x00000004   Code   RO         2933    .ARM.Collect$$$$00002712  mc_p.l(entry2.o)
    0x080000d8   0x080000d8   0x0000001c   Code   RO            4    .text               startup_stm32g030xx.o
    0x080000f4   0x080000f4   0x0000002c   Code   RO         2645    .text               mc_p.l(uidiv.o)
    0x08000120   0x08000120   0x00000024   Code   RO         2647    .text               mc_p.l(memseta.o)
    0x08000144   0x08000144   0x0000000e   Code   RO         2649    .text               mc_p.l(strlen.o)
    0x08000152   0x08000152   0x00000002   PAD
    0x08000154   0x08000154   0x0000003c   Code   RO         2912    .text               mc_p.l(__0sscanf.o)
    0x08000190   0x08000190   0x0000014a   Code   RO         2914    .text               mc_p.l(_scanf_int.o)
    0x080002da   0x080002da   0x00000002   PAD
    0x080002dc   0x080002dc   0x00000168   Code   RO         2916    .text               mf_p.l(dadd.o)
    0x08000444   0x08000444   0x000000d0   Code   RO         2918    .text               mf_p.l(dmul.o)
    0x08000514   0x08000514   0x0000000e   Code   RO         2920    .text               mf_p.l(ffltui.o)
    0x08000522   0x08000522   0x00000002   PAD
    0x08000524   0x08000524   0x0000001c   Code   RO         2922    .text               mf_p.l(dfltui.o)
    0x08000540   0x08000540   0x00000028   Code   RO         2924    .text               mf_p.l(f2d.o)
    0x08000568   0x08000568   0x00000038   Code   RO         2926    .text               mf_p.l(d2f.o)
    0x080005a0   0x080005a0   0x00000014   Code   RO         2928    .text               mf_p.l(cfcmple.o)
    0x080005b4   0x080005b4   0x00000014   Code   RO         2930    .text               mf_p.l(cfrcmple.o)
    0x080005c8   0x080005c8   0x00000060   Code   RO         2949    .text               mc_p.l(uldiv.o)
    0x08000628   0x08000628   0x00000020   Code   RO         2951    .text               mc_p.l(llshl.o)
    0x08000648   0x08000648   0x00000026   Code   RO         2953    .text               mc_p.l(llsshr.o)
    0x0800066e   0x0800066e   0x0000001e   Code   RO         2955    .text               mc_p.l(_chval.o)
    0x0800068c   0x0800068c   0x0000002c   Code   RO         2957    .text               mc_p.l(scanf_char.o)
    0x080006b8   0x080006b8   0x00000044   Code   RO         2959    .text               mc_p.l(_sgetc.o)
    0x080006fc   0x080006fc   0x00000000   Code   RO         2961    .text               mc_p.l(iusefp.o)
    0x080006fc   0x080006fc   0x00000082   Code   RO         2962    .text               mf_p.l(fepilogue.o)
    0x0800077e   0x0800077e   0x000000be   Code   RO         2964    .text               mf_p.l(depilogue.o)
    0x0800083c   0x0800083c   0x000000f0   Code   RO         2968    .text               mf_p.l(ddiv.o)
    0x0800092c   0x0800092c   0x00000040   Code   RO         2970    .text               mf_p.l(dfixul.o)
    0x0800096c   0x0800096c   0x00000028   Code   RO         2972    .text               mf_p.l(cdrcmple.o)
    0x08000994   0x08000994   0x00000024   Code   RO         2974    .text               mc_p.l(init.o)
    0x080009b8   0x080009b8   0x00000022   Code   RO         2976    .text               mc_p.l(llushr.o)
    0x080009da   0x080009da   0x0000000e   Code   RO         2978    .text               mc_p.l(isspace_c.o)
    0x080009e8   0x080009e8   0x0000033c   Code   RO         2980    .text               mc_p.l(_scanf.o)
    0x08000d24   0x08000d24   0x00000024   Code   RO         2982    .text               mc_p.l(ctype_c.o)
    0x08000d48   0x08000d48   0x00000010   Code   RO          519    i.ADC1_IRQHandler   stm32g0xx_it.o
    0x08000d58   0x08000d58   0x00000060   Code   RO          620    i.ADC_ConversionStop  stm32g0xx_hal_adc.o
    0x08000db8   0x08000db8   0x00000080   Code   RO          621    i.ADC_DMAConvCplt   stm32g0xx_hal_adc.o
    0x08000e38   0x08000e38   0x0000001a   Code   RO          622    i.ADC_DMAError      stm32g0xx_hal_adc.o
    0x08000e52   0x08000e52   0x0000000a   Code   RO          623    i.ADC_DMAHalfConvCplt  stm32g0xx_hal_adc.o
    0x08000e5c   0x08000e5c   0x00000074   Code   RO          624    i.ADC_Disable       stm32g0xx_hal_adc.o
    0x08000ed0   0x08000ed0   0x000000b4   Code   RO          625    i.ADC_Enable        stm32g0xx_hal_adc.o
    0x08000f84   0x08000f84   0x0000007c   Code   RO           12    i.DHT11_Check       dht11.o
    0x08001000   0x08001000   0x00000060   Code   RO           13    i.DHT11_Read_Bit    dht11.o
    0x08001060   0x08001060   0x0000001a   Code   RO           14    i.DHT11_Read_Byte   dht11.o
    0x0800107a   0x0800107a   0x00000054   Code   RO           15    i.DHT11_Read_Data   dht11.o
    0x080010ce   0x080010ce   0x00000002   PAD
    0x080010d0   0x080010d0   0x00000050   Code   RO           16    i.DHT11_Rst         dht11.o
    0x08001120   0x08001120   0x00000010   Code   RO          520    i.DMA1_Channel1_IRQHandler  stm32g0xx_it.o
    0x08001130   0x08001130   0x00000010   Code   RO          521    i.DMA1_Channel2_3_IRQHandler  stm32g0xx_it.o
    0x08001140   0x08001140   0x00000030   Code   RO         1320    i.DMA_CalcDMAMUXChannelBaseAndMask  stm32g0xx_hal_dma.o
    0x08001170   0x08001170   0x00000028   Code   RO         1321    i.DMA_CalcDMAMUXRequestGenBaseAndMask  stm32g0xx_hal_dma.o
    0x08001198   0x08001198   0x00000048   Code   RO         1322    i.DMA_SetConfig     stm32g0xx_hal_dma.o
    0x080011e0   0x080011e0   0x0000000c   Code   RO          522    i.EXTI4_15_IRQHandler  stm32g0xx_it.o
    0x080011ec   0x080011ec   0x00000004   Code   RO          292    i.Error_Handler     main.o
    0x080011f0   0x080011f0   0x00000040   Code   RO           17    i.FS_DHT11_Init     dht11.o
    0x08001230   0x08001230   0x00000018   Code   RO          293    i.Get_AdcData       main.o
    0x08001248   0x08001248   0x0000005a   Code   RO          176    i.Gui_DrawFont_1616  lcd.o
    0x080012a2   0x080012a2   0x00000002   PAD
    0x080012a4   0x080012a4   0x00000088   Code   RO          177    i.Gui_DrawFont_GBK16  lcd.o
    0x0800132c   0x0800132c   0x00000018   Code   RO          178    i.Gui_DrawPoint     lcd.o
    0x08001344   0x08001344   0x00000002   Code   RO          835    i.HAL_ADCEx_ChannelConfigReadyCallback  stm32g0xx_hal_adc_ex.o
    0x08001346   0x08001346   0x00000002   Code   RO          837    i.HAL_ADCEx_EndOfSamplingCallback  stm32g0xx_hal_adc_ex.o
    0x08001348   0x08001348   0x00000002   Code   RO          838    i.HAL_ADCEx_LevelOutOfWindow2Callback  stm32g0xx_hal_adc_ex.o
    0x0800134a   0x0800134a   0x00000002   Code   RO          839    i.HAL_ADCEx_LevelOutOfWindow3Callback  stm32g0xx_hal_adc_ex.o
    0x0800134c   0x0800134c   0x00000224   Code   RO          627    i.HAL_ADC_ConfigChannel  stm32g0xx_hal_adc.o
    0x08001570   0x08001570   0x00000010   Code   RO          294    i.HAL_ADC_ConvCpltCallback  main.o
    0x08001580   0x08001580   0x00000002   Code   RO          629    i.HAL_ADC_ConvHalfCpltCallback  stm32g0xx_hal_adc.o
    0x08001582   0x08001582   0x00000002   Code   RO          631    i.HAL_ADC_ErrorCallback  stm32g0xx_hal_adc.o
    0x08001584   0x08001584   0x00000150   Code   RO          635    i.HAL_ADC_IRQHandler  stm32g0xx_hal_adc.o
    0x080016d4   0x080016d4   0x00000220   Code   RO          636    i.HAL_ADC_Init      stm32g0xx_hal_adc.o
    0x080018f4   0x080018f4   0x00000002   Code   RO          637    i.HAL_ADC_LevelOutOfWindowCallback  stm32g0xx_hal_adc.o
    0x080018f6   0x080018f6   0x00000002   PAD
    0x080018f8   0x080018f8   0x000000a4   Code   RO          424    i.HAL_ADC_MspInit   adc.o
    0x0800199c   0x0800199c   0x000000b4   Code   RO          643    i.HAL_ADC_Start_DMA  stm32g0xx_hal_adc.o
    0x08001a50   0x08001a50   0x00000078   Code   RO          646    i.HAL_ADC_Stop_DMA  stm32g0xx_hal_adc.o
    0x08001ac8   0x08001ac8   0x00000074   Code   RO         1323    i.HAL_DMA_Abort     stm32g0xx_hal_dma.o
    0x08001b3c   0x08001b3c   0x0000007c   Code   RO         1324    i.HAL_DMA_Abort_IT  stm32g0xx_hal_dma.o
    0x08001bb8   0x08001bb8   0x00000004   Code   RO         1326    i.HAL_DMA_GetError  stm32g0xx_hal_dma.o
    0x08001bbc   0x08001bbc   0x000000b8   Code   RO         1328    i.HAL_DMA_IRQHandler  stm32g0xx_hal_dma.o
    0x08001c74   0x08001c74   0x000000a4   Code   RO         1329    i.HAL_DMA_Init      stm32g0xx_hal_dma.o
    0x08001d18   0x08001d18   0x0000008c   Code   RO         1333    i.HAL_DMA_Start_IT  stm32g0xx_hal_dma.o
    0x08001da4   0x08001da4   0x00000024   Code   RO         1795    i.HAL_Delay         stm32g0xx_hal.o
    0x08001dc8   0x08001dc8   0x00000002   Code   RO         1253    i.HAL_GPIO_EXTI_Falling_Callback  stm32g0xx_hal_gpio.o
    0x08001dca   0x08001dca   0x00000002   PAD
    0x08001dcc   0x08001dcc   0x00000028   Code   RO         1254    i.HAL_GPIO_EXTI_IRQHandler  stm32g0xx_hal_gpio.o
    0x08001df4   0x08001df4   0x00000108   Code   RO          295    i.HAL_GPIO_EXTI_Rising_Callback  main.o
    0x08001efc   0x08001efc   0x0000015c   Code   RO         1256    i.HAL_GPIO_Init     stm32g0xx_hal_gpio.o
    0x08002058   0x08002058   0x0000000a   Code   RO         1258    i.HAL_GPIO_ReadPin  stm32g0xx_hal_gpio.o
    0x08002062   0x08002062   0x0000000c   Code   RO         1260    i.HAL_GPIO_WritePin  stm32g0xx_hal_gpio.o
    0x0800206e   0x0800206e   0x00000002   PAD
    0x08002070   0x08002070   0x0000000c   Code   RO         1799    i.HAL_GetTick       stm32g0xx_hal.o
    0x0800207c   0x0800207c   0x00000010   Code   RO         1805    i.HAL_IncTick       stm32g0xx_hal.o
    0x0800208c   0x0800208c   0x00000028   Code   RO         1806    i.HAL_Init          stm32g0xx_hal.o
    0x080020b4   0x080020b4   0x00000048   Code   RO         1807    i.HAL_InitTick      stm32g0xx_hal.o
    0x080020fc   0x080020fc   0x0000002c   Code   RO          600    i.HAL_MspInit       stm32g0xx_hal_msp.o
    0x08002128   0x08002128   0x00000018   Code   RO         1673    i.HAL_NVIC_EnableIRQ  stm32g0xx_hal_cortex.o
    0x08002140   0x08002140   0x00000008   Code   RO         1677    i.HAL_NVIC_SetPriority  stm32g0xx_hal_cortex.o
    0x08002148   0x08002148   0x0000004c   Code   RO         1556    i.HAL_PWREx_ControlVoltageScaling  stm32g0xx_hal_pwr_ex.o
    0x08002194   0x08002194   0x0000014c   Code   RO         1022    i.HAL_RCCEx_PeriphCLKConfig  stm32g0xx_hal_rcc_ex.o
    0x080022e0   0x080022e0   0x00000158   Code   RO          906    i.HAL_RCC_ClockConfig  stm32g0xx_hal_rcc.o
    0x08002438   0x08002438   0x00000028   Code   RO          914    i.HAL_RCC_GetPCLK1Freq  stm32g0xx_hal_rcc.o
    0x08002460   0x08002460   0x0000008c   Code   RO          916    i.HAL_RCC_GetSysClockFreq  stm32g0xx_hal_rcc.o
    0x080024ec   0x080024ec   0x000003d8   Code   RO          920    i.HAL_RCC_OscConfig  stm32g0xx_hal_rcc.o
    0x080028c4   0x080028c4   0x00000030   Code   RO         1681    i.HAL_SYSTICK_Config  stm32g0xx_hal_cortex.o
    0x080028f4   0x080028f4   0x0000003c   Code   RO         2496    i.HAL_UARTEx_DisableFifoMode  stm32g0xx_hal_uart_ex.o
    0x08002930   0x08002930   0x00000002   Code   RO         2089    i.HAL_UARTEx_RxEventCallback  stm32g0xx_hal_uart.o
    0x08002932   0x08002932   0x00000002   Code   RO         2504    i.HAL_UARTEx_RxFifoFullCallback  stm32g0xx_hal_uart_ex.o
    0x08002934   0x08002934   0x00000048   Code   RO         2505    i.HAL_UARTEx_SetRxFifoThreshold  stm32g0xx_hal_uart_ex.o
    0x0800297c   0x0800297c   0x00000046   Code   RO         2506    i.HAL_UARTEx_SetTxFifoThreshold  stm32g0xx_hal_uart_ex.o
    0x080029c2   0x080029c2   0x00000002   Code   RO         2508    i.HAL_UARTEx_TxFifoEmptyCallback  stm32g0xx_hal_uart_ex.o
    0x080029c4   0x080029c4   0x00000002   Code   RO         2509    i.HAL_UARTEx_WakeupCallback  stm32g0xx_hal_uart_ex.o
    0x080029c6   0x080029c6   0x0000009a   Code   RO         2101    i.HAL_UART_DMAStop  stm32g0xx_hal_uart.o
    0x08002a60   0x08002a60   0x00000002   Code   RO         2105    i.HAL_UART_ErrorCallback  stm32g0xx_hal_uart.o
    0x08002a62   0x08002a62   0x00000002   PAD
    0x08002a64   0x08002a64   0x000002f0   Code   RO         2108    i.HAL_UART_IRQHandler  stm32g0xx_hal_uart.o
    0x08002d54   0x08002d54   0x0000006c   Code   RO         2109    i.HAL_UART_Init     stm32g0xx_hal_uart.o
    0x08002dc0   0x08002dc0   0x000000c4   Code   RO          482    i.HAL_UART_MspInit  usart.o
    0x08002e84   0x08002e84   0x00000058   Code   RO         2113    i.HAL_UART_Receive_DMA  stm32g0xx_hal_uart.o
    0x08002edc   0x08002edc   0x00000002   Code   RO         2116    i.HAL_UART_RxCpltCallback  stm32g0xx_hal_uart.o
    0x08002ede   0x08002ede   0x00000002   Code   RO         2117    i.HAL_UART_RxHalfCpltCallback  stm32g0xx_hal_uart.o
    0x08002ee0   0x08002ee0   0x000000ce   Code   RO         2118    i.HAL_UART_Transmit  stm32g0xx_hal_uart.o
    0x08002fae   0x08002fae   0x00000002   Code   RO         2121    i.HAL_UART_TxCpltCallback  stm32g0xx_hal_uart.o
    0x08002fb0   0x08002fb0   0x00000002   Code   RO          523    i.HardFault_Handler  stm32g0xx_it.o
    0x08002fb2   0x08002fb2   0x00000002   PAD
    0x08002fb4   0x08002fb4   0x00000028   Code   RO          179    i.LCD_WriteData_16Bit  lcd.o
    0x08002fdc   0x08002fdc   0x00000008   Code   RO          648    i.LL_ADC_IsEnabled  stm32g0xx_hal_adc.o
    0x08002fe4   0x08002fe4   0x00000008   Code   RO          649    i.LL_ADC_REG_IsConversionOngoing  stm32g0xx_hal_adc.o
    0x08002fec   0x08002fec   0x00000010   Code   RO          650    i.LL_ADC_REG_IsTriggerSourceSWStart  stm32g0xx_hal_adc.o
    0x08002ffc   0x08002ffc   0x0000000e   Code   RO          652    i.LL_ADC_SetCommonPathInternalCh  stm32g0xx_hal_adc.o
    0x0800300a   0x0800300a   0x00000016   Code   RO          653    i.LL_ADC_SetSamplingTimeCommonChannels  stm32g0xx_hal_adc.o
    0x08003020   0x08003020   0x0000002e   Code   RO          180    i.Lcd_Clear         lcd.o
    0x0800304e   0x0800304e   0x00000002   PAD
    0x08003050   0x08003050   0x000000a4   Code   RO          181    i.Lcd_Init          lcd.o
    0x080030f4   0x080030f4   0x00000408   Code   RO          296    i.Lcd_Proc          main.o
    0x080034fc   0x080034fc   0x00000056   Code   RO          182    i.Lcd_SetRegion     lcd.o
    0x08003552   0x08003552   0x00000002   PAD
    0x08003554   0x08003554   0x00000020   Code   RO          184    i.Lcd_WriteData     lcd.o
    0x08003574   0x08003574   0x00000020   Code   RO          185    i.Lcd_WriteIndex    lcd.o
    0x08003594   0x08003594   0x00000088   Code   RO          425    i.MX_ADC1_Init      adc.o
    0x0800361c   0x0800361c   0x00000038   Code   RO          461    i.MX_DMA_Init       dma.o
    0x08003654   0x08003654   0x000000cc   Code   RO          403    i.MX_GPIO_Init      gpio.o
    0x08003720   0x08003720   0x00000068   Code   RO          483    i.MX_USART1_UART_Init  usart.o
    0x08003788   0x08003788   0x00000002   Code   RO          524    i.NMI_Handler       stm32g0xx_it.o
    0x0800378a   0x0800378a   0x00000002   Code   RO          525    i.PendSV_Handler    stm32g0xx_it.o
    0x0800378c   0x0800378c   0x0000002c   Code   RO          187    i.SPI_WriteData     lcd.o
    0x080037b8   0x080037b8   0x00000002   Code   RO          526    i.SVC_Handler       stm32g0xx_it.o
    0x080037ba   0x080037ba   0x00000008   Code   RO          527    i.SysTick_Handler   stm32g0xx_it.o
    0x080037c2   0x080037c2   0x0000005a   Code   RO          297    i.SystemClock_Config  main.o
    0x0800381c   0x0800381c   0x00000002   Code   RO         2611    i.SystemInit        system_stm32g0xx.o
    0x0800381e   0x0800381e   0x00000002   PAD
    0x08003820   0x08003820   0x00000044   Code   RO         2510    i.UARTEx_SetNbDataToProcess  stm32g0xx_hal_uart_ex.o
    0x08003864   0x08003864   0x000000ca   Code   RO         2123    i.UART_AdvFeatureConfig  stm32g0xx_hal_uart.o
    0x0800392e   0x0800392e   0x00000002   PAD
    0x08003930   0x08003930   0x000000b8   Code   RO         2124    i.UART_CheckIdleState  stm32g0xx_hal_uart.o
    0x080039e8   0x080039e8   0x00000014   Code   RO         2125    i.UART_DMAAbortOnError  stm32g0xx_hal_uart.o
    0x080039fc   0x080039fc   0x0000004e   Code   RO         2126    i.UART_DMAError     stm32g0xx_hal_uart.o
    0x08003a4a   0x08003a4a   0x0000009c   Code   RO         2127    i.UART_DMAReceiveCplt  stm32g0xx_hal_uart.o
    0x08003ae6   0x08003ae6   0x00000020   Code   RO         2129    i.UART_DMARxHalfCplt  stm32g0xx_hal_uart.o
    0x08003b06   0x08003b06   0x00000002   PAD
    0x08003b08   0x08003b08   0x00000064   Code   RO         2135    i.UART_EndRxTransfer  stm32g0xx_hal_uart.o
    0x08003b6c   0x08003b6c   0x0000003c   Code   RO         2136    i.UART_EndTxTransfer  stm32g0xx_hal_uart.o
    0x08003ba8   0x08003ba8   0x00000168   Code   RO         2141    i.UART_SetConfig    stm32g0xx_hal_uart.o
    0x08003d10   0x08003d10   0x000000ac   Code   RO         2142    i.UART_Start_Receive_DMA  stm32g0xx_hal_uart.o
    0x08003dbc   0x08003dbc   0x00000090   Code   RO         2148    i.UART_WaitOnFlagUntilTimeout  stm32g0xx_hal_uart.o
    0x08003e4c   0x08003e4c   0x000000e0   Code   RO          528    i.USART1_IRQHandler  stm32g0xx_it.o
    0x08003f2c   0x08003f2c   0x000000d4   Code   RO          298    i.Uart_Proc         main.o
    0x08004000   0x08004000   0x00000020   Code   RO         2884    i.__0printf         mc_p.l(printfa.o)
    0x08004020   0x08004020   0x00000028   Code   RO         2886    i.__0sprintf        mc_p.l(printfa.o)
    0x08004048   0x08004048   0x0000002e   Code   RO         2966    i.__ARM_clz         mf_p.l(depilogue.o)
    0x08004076   0x08004076   0x00000002   PAD
    0x08004078   0x08004078   0x00000044   Code   RO         1683    i.__NVIC_SetPriority  stm32g0xx_hal_cortex.o
    0x080040bc   0x080040bc   0x0000000e   Code   RO         2987    i.__scatterload_copy  mc_p.l(handlers.o)
    0x080040ca   0x080040ca   0x00000002   Code   RO         2988    i.__scatterload_null  mc_p.l(handlers.o)
    0x080040cc   0x080040cc   0x0000000e   Code   RO         2989    i.__scatterload_zeroinit  mc_p.l(handlers.o)
    0x080040da   0x080040da   0x00000002   PAD
    0x080040dc   0x080040dc   0x00000174   Code   RO         2891    i._fp_digits        mc_p.l(printfa.o)
    0x08004250   0x08004250   0x000006f0   Code   RO         2892    i._printf_core      mc_p.l(printfa.o)
    0x08004940   0x08004940   0x00000020   Code   RO         2893    i._printf_post_padding  mc_p.l(printfa.o)
    0x08004960   0x08004960   0x0000002c   Code   RO         2894    i._printf_pre_padding  mc_p.l(printfa.o)
    0x0800498c   0x0800498c   0x0000000a   Code   RO         2896    i._sputc            mc_p.l(printfa.o)
    0x08004996   0x08004996   0x00000002   PAD
    0x08004998   0x08004998   0x00000034   Code   RO          301    i.delay_us          main.o
    0x080049cc   0x080049cc   0x00000010   Code   RO          302    i.fputc             main.o
    0x080049dc   0x080049dc   0x00000054   Code   RO          303    i.getKey_value      main.o
    0x08004a30   0x08004a30   0x000000cc   Code   RO          304    i.main              main.o
    0x08004afc   0x08004afc   0x00001001   Data   RO          191    .constdata          lcd.o
    0x08005afd   0x08005afd   0x000007a0   Data   RO          306    .constdata          main.o
    0x0800629d   0x0800629d   0x00000001   PAD
    0x0800629e   0x0800629e   0x00000018   Data   RO         2149    .constdata          stm32g0xx_hal_uart.o
    0x080062b6   0x080062b6   0x00000010   Data   RO         2511    .constdata          stm32g0xx_hal_uart_ex.o
    0x080062c6   0x080062c6   0x00000002   PAD
    0x080062c8   0x080062c8   0x00000040   Data   RO         2612    .constdata          system_stm32g0xx.o
    0x08006308   0x08006308   0x00000020   Data   RO         2613    .constdata          system_stm32g0xx.o
    0x08006328   0x08006328   0x00000040   Data   RO         2983    .constdata          mc_p.l(ctype_c.o)
    0x08006368   0x08006368   0x00000020   Data   RO         2985    Region$$Table       anon$$obj.o


    Execution Region RW_IRAM1 (Exec base: 0x20000000, Load base: 0x08006388, Size: 0x00000688, Max: 0x00002000, ABSOLUTE)

    Exec Addr    Load Addr    Size         Type   Attr      Idx    E Section Name        Object

    0x20000000   0x08006388   0x00000038   Data   RW          307    .data               main.o
    0x20000038   0x080063c0   0x00000001   Data   RW          529    .data               stm32g0xx_it.o
    0x20000039   0x080063c1   0x00000003   PAD
    0x2000003c   0x080063c4   0x0000000c   Data   RW         1819    .data               stm32g0xx_hal.o
    0x20000048   0x080063d0   0x00000004   Data   RW         2614    .data               system_stm32g0xx.o
    0x2000004c   0x080063d4   0x00000004   Data   RW         2948    .data               mc_p.l(stdout.o)
    0x20000050        -       0x00000084   Zero   RW          305    .bss                main.o
    0x200000d4        -       0x000000c0   Zero   RW          426    .bss                adc.o
    0x20000194        -       0x000000f0   Zero   RW          484    .bss                usart.o
    0x20000284   0x080063d8   0x00000004   PAD
    0x20000288        -       0x00000400   Zero   RW            1    STACK               startup_stm32g030xx.o


==============================================================================

Image component sizes


      Code (inc. data)   RO Data    RW Data    ZI Data      Debug   Object Name

       300         32          0          0        192       1803   adc.o
       474         22          0          0          0     371676   dht11.o
        56          4          0          0          0        754   dma.o
       204          8          0          0          0        931   gpio.o
       694         32       4097          0          0       7646   lcd.o
      1998        290       1952         56        132      10058   main.o
        28          8        192          0       1024        632   startup_stm32g030xx.o
       176         26          0         12          0      16077   stm32g0xx_hal.o
      2358        112          0          0          0      47205   stm32g0xx_hal_adc.o
         8          0          0          0          0       2637   stm32g0xx_hal_adc_ex.o
       148         24          0          0          0      12113   stm32g0xx_hal_cortex.o
       892         42          0          0          0       6833   stm32g0xx_hal_dma.o
         0          0          0          0          0       2720   stm32g0xx_hal_flash.o
       412         22          0          0          0       3739   stm32g0xx_hal_gpio.o
        44          6          0          0          0        838   stm32g0xx_hal_msp.o
        76         14          0          0          0        746   stm32g0xx_hal_pwr_ex.o
      1508         88          0          0          0      20325   stm32g0xx_hal_rcc.o
       332         12          0          0          0       1632   stm32g0xx_hal_rcc_ex.o
      2826         72         24          0          0      40703   stm32g0xx_hal_uart.o
       276          6         16          0          0       5202   stm32g0xx_hal_uart_ex.o
       300        102          0          1          0       4797   stm32g0xx_it.o
         2          0         96          4          0       1123   system_stm32g0xx.o
       300         24          0          0        240       1845   usart.o

    ----------------------------------------------------------------------
     13436        946       6412         76       1592     562035   Object Totals
         0          0         32          0          0          0   (incl. Generated)
        24          0          3          3          4          0   (incl. Padding)

    ----------------------------------------------------------------------

      Code (inc. data)   RO Data    RW Data    ZI Data      Debug   Library Member Name

        60         10          0          0          0         84   __0sscanf.o
        30          0          0          0          0         60   _chval.o
       828         14          0          0          0         84   _scanf.o
       330          0          0          0          0         84   _scanf_int.o
        68          0          0          0          0         76   _sgetc.o
        36          4         64          0          0         60   ctype_c.o
         0          0          0          0          0          0   entry.o
         0          0          0          0          0          0   entry10a.o
         0          0          0          0          0          0   entry11a.o
         4          0          0          0          0          0   entry12b.o
         8          4          0          0          0          0   entry2.o
         4          0          0          0          0          0   entry5.o
         0          0          0          0          0          0   entry7b.o
         0          0          0          0          0          0   entry8b.o
         8          4          0          0          0          0   entry9a.o
        30          0          0          0          0          0   handlers.o
        36          8          0          0          0         68   init.o
        14          0          0          0          0         68   isspace_c.o
         0          0          0          0          0          0   iusefp.o
        32          0          0          0          0         68   llshl.o
        38          0          0          0          0         68   llsshr.o
        34          0          0          0          0         68   llushr.o
        36          0          0          0          0        100   memseta.o
      2306        102          0          0          0        556   printfa.o
        44          8          0          0          0         84   scanf_char.o
         0          0          0          4          0          0   stdout.o
        14          0          0          0          0         60   strlen.o
        44          0          0          0          0         72   uidiv.o
        96          0          0          0          0         84   uldiv.o
        40          2          0          0          0         68   cdrcmple.o
        20          0          0          0          0         68   cfcmple.o
        20          0          0          0          0         68   cfrcmple.o
        56          0          0          0          0         68   d2f.o
       360          6          0          0          0        140   dadd.o
       240          6          0          0          0         84   ddiv.o
       236          0          0          0          0        216   depilogue.o
        64         10          0          0          0         68   dfixul.o
        28          4          0          0          0         68   dfltui.o
       208          6          0          0          0         88   dmul.o
        40          0          0          0          0         60   f2d.o
       130          0          0          0          0        144   fepilogue.o
        14          0          0          0          0         68   ffltui.o

    ----------------------------------------------------------------------
      5568        188         64          4          0       2952   Library Totals
        12          0          0          0          0          0   (incl. Padding)

    ----------------------------------------------------------------------

      Code (inc. data)   RO Data    RW Data    ZI Data      Debug   Library Name

      4100        154         64          4          0       1744   mc_p.l
      1456         34          0          0          0       1208   mf_p.l

    ----------------------------------------------------------------------
      5568        188         64          4          0       2952   Library Totals

    ----------------------------------------------------------------------

==============================================================================


      Code (inc. data)   RO Data    RW Data    ZI Data      Debug   

     19004       1134       6476         80       1592     558207   Grand Totals
     19004       1134       6476         80       1592     558207   ELF Image Totals
     19004       1134       6476         80          0          0   ROM Totals

==============================================================================

    Total RO  Size (Code + RO Data)                25480 (  24.88kB)
    Total RW  Size (RW Data + ZI Data)              1672 (   1.63kB)
    Total ROM Size (Code + RO Data + RW Data)      25560 (  24.96kB)

==============================================================================

